Modules list:
-------------
init.o:
    CODE              Offs=000000  Size=000413  Align=00001  Fill=0000
    RODATA            Offs=000000  Size=0001C7  Align=00001  Fill=0000
    BSS               Offs=000000  Size=000120  Align=00001  Fill=0000
../lib/tunix/libtunix.a(main.o):
    CODE              Offs=000413  Size=00013C  Align=00001  Fill=0000
    DATA              Offs=000000  Size=000020  Align=00001  Fill=0000
../lib/tunix/libtunix.a(c-wrappers.o):
    CODE              Offs=00054F  Size=000006  Align=00001  Fill=0000
/usr/local/share/cc65/lib/vic20.lib(_directerrno.o):
    CODE              Offs=000555  Size=00000A  Align=00001  Fill=0000
/usr/local/share/cc65/lib/vic20.lib(_file.o):
    DATA              Offs=000020  Size=00001E  Align=00001  Fill=0000
/usr/local/share/cc65/lib/vic20.lib(_hextab.o):
    RODATA            Offs=0001C7  Size=000010  Align=00001  Fill=0000
/usr/local/share/cc65/lib/vic20.lib(_longminstr.o):
    RODATA            Offs=0001D7  Size=00000C  Align=00001  Fill=0000
/usr/local/share/cc65/lib/vic20.lib(_mappederrno.o):
    CODE              Offs=00055F  Size=000010  Align=00001  Fill=0000
/usr/local/share/cc65/lib/vic20.lib(_oserror.o):
    BSS               Offs=000120  Size=000001  Align=00001  Fill=0000
/usr/local/share/cc65/lib/vic20.lib(_printf.o):
    CODE              Offs=00056F  Size=0003A2  Align=00001  Fill=0000
    BSS               Offs=000121  Size=00002B  Align=00001  Fill=0000
    DATA              Offs=00003E  Size=000003  Align=00001  Fill=0000
/usr/local/share/cc65/lib/vic20.lib(_seterrno.o):
    CODE              Offs=000911  Size=000009  Align=00001  Fill=0000
/usr/local/share/cc65/lib/vic20.lib(addysp.o):
    CODE              Offs=00091A  Size=00000E  Align=00001  Fill=0000
/usr/local/share/cc65/lib/vic20.lib(axlong.o):
    CODE              Offs=000928  Size=00000D  Align=00001  Fill=0000
/usr/local/share/cc65/lib/vic20.lib(callmain.o):
    CODE              Offs=000935  Size=000017  Align=00001  Fill=0000
    DATA              Offs=000041  Size=000004  Align=00001  Fill=0000
/usr/local/share/cc65/lib/vic20.lib(checkferror.o):
    CODE              Offs=00094C  Size=00000C  Align=00001  Fill=0000
/usr/local/share/cc65/lib/vic20.lib(condes.o):
    CODE              Offs=000958  Size=00000C  Align=00001  Fill=0000
    DATA              Offs=000045  Size=000025  Align=00001  Fill=0000
    ONCE              Offs=000000  Size=00000C  Align=00001  Fill=0000
/usr/local/share/cc65/lib/vic20.lib(crt0.o):
    BSS               Offs=00014C  Size=000001  Align=00001  Fill=0000
    STARTUP           Offs=000000  Size=00003A  Align=00001  Fill=0000
    INIT              Offs=000000  Size=00001A  Align=00001  Fill=0000
/usr/local/share/cc65/lib/vic20.lib(ctype.o):
    RODATA            Offs=0001E3  Size=00008B  Align=00001  Fill=0000
/usr/local/share/cc65/lib/vic20.lib(ctypemask.o):
    CODE              Offs=000964  Size=00001E  Align=00001  Fill=0000
/usr/local/share/cc65/lib/vic20.lib(decsp1.o):
    CODE              Offs=000982  Size=000009  Align=00001  Fill=0000
/usr/local/share/cc65/lib/vic20.lib(decsp2.o):
    CODE              Offs=00098B  Size=00000D  Align=00001  Fill=0000
/usr/local/share/cc65/lib/vic20.lib(decsp3.o):
    CODE              Offs=000998  Size=00000D  Align=00001  Fill=0000
/usr/local/share/cc65/lib/vic20.lib(decsp4.o):
    CODE              Offs=0009A5  Size=00000D  Align=00001  Fill=0000
/usr/local/share/cc65/lib/vic20.lib(decsp6.o):
    CODE              Offs=0009B2  Size=00000D  Align=00001  Fill=0000
/usr/local/share/cc65/lib/vic20.lib(errno.o):
    BSS               Offs=00014D  Size=000002  Align=00001  Fill=0000
/usr/local/share/cc65/lib/vic20.lib(exehdr.o):
    EXEHDR            Offs=000000  Size=00000C  Align=00001  Fill=0000
/usr/local/share/cc65/lib/vic20.lib(fgetc.o):
    CODE              Offs=0009BF  Size=00005F  Align=00001  Fill=0000
    BSS               Offs=00014F  Size=000001  Align=00001  Fill=0000
/usr/local/share/cc65/lib/vic20.lib(filedes.o):
    CODE              Offs=000A1E  Size=00000E  Align=00001  Fill=0000
    DATA              Offs=00006A  Size=000010  Align=00001  Fill=0000
/usr/local/share/cc65/lib/vic20.lib(fwrite.o):
    CODE              Offs=000A2C  Size=000079  Align=00001  Fill=0000
    BSS               Offs=000150  Size=000002  Align=00001  Fill=0000
/usr/local/share/cc65/lib/vic20.lib(getchar.o):
    CODE              Offs=000AA5  Size=000009  Align=00001  Fill=0000
/usr/local/share/cc65/lib/vic20.lib(incax1.o):
    CODE              Offs=000AAE  Size=000007  Align=00001  Fill=0000
/usr/local/share/cc65/lib/vic20.lib(incsp1.o):
    CODE              Offs=000AB5  Size=000007  Align=00001  Fill=0000
/usr/local/share/cc65/lib/vic20.lib(incsp2.o):
    CODE              Offs=000ABC  Size=000016  Align=00001  Fill=0000
/usr/local/share/cc65/lib/vic20.lib(incsp3.o):
    CODE              Offs=000AD2  Size=000005  Align=00001  Fill=0000
/usr/local/share/cc65/lib/vic20.lib(incsp4.o):
    CODE              Offs=000AD7  Size=000005  Align=00001  Fill=0000
/usr/local/share/cc65/lib/vic20.lib(incsp6.o):
    CODE              Offs=000ADC  Size=000005  Align=00001  Fill=0000
/usr/local/share/cc65/lib/vic20.lib(kernal.o):
/usr/local/share/cc65/lib/vic20.lib(ldaxsp.o):
    CODE              Offs=000AE1  Size=000009  Align=00001  Fill=0000
/usr/local/share/cc65/lib/vic20.lib(lneg.o):
    CODE              Offs=000AEA  Size=00001E  Align=00001  Fill=0000
/usr/local/share/cc65/lib/vic20.lib(loadaddr.o):
    LOADADDR          Offs=000000  Size=000002  Align=00001  Fill=0000
/usr/local/share/cc65/lib/vic20.lib(lpush.o):
    CODE              Offs=000B08  Size=000021  Align=00001  Fill=0000
/usr/local/share/cc65/lib/vic20.lib(ltoa.o):
    CODE              Offs=000B29  Size=000095  Align=00001  Fill=0000
/usr/local/share/cc65/lib/vic20.lib(mod.o):
    CODE              Offs=000BBE  Size=000011  Align=00001  Fill=0000
/usr/local/share/cc65/lib/vic20.lib(mul.o):
    CODE              Offs=000BCF  Size=000045  Align=00001  Fill=0000
/usr/local/share/cc65/lib/vic20.lib(mul8.o):
    CODE              Offs=000C14  Size=00003A  Align=00001  Fill=0000
/usr/local/share/cc65/lib/vic20.lib(negabs.o):
    CODE              Offs=000C4E  Size=000012  Align=00001  Fill=0000
/usr/local/share/cc65/lib/vic20.lib(oserror.o):
    CODE              Offs=000C60  Size=000016  Align=00001  Fill=0000
    RODATA            Offs=00026E  Size=00005A  Align=00001  Fill=0000
/usr/local/share/cc65/lib/vic20.lib(popptr1.o):
    CODE              Offs=000C76  Size=00000E  Align=00001  Fill=0000
/usr/local/share/cc65/lib/vic20.lib(printf.o):
    CODE              Offs=000C84  Size=000033  Align=00001  Fill=0000
    BSS               Offs=000152  Size=000001  Align=00001  Fill=0000
/usr/local/share/cc65/lib/vic20.lib(push1.o):
    CODE              Offs=000CB7  Size=000005  Align=00001  Fill=0000
/usr/local/share/cc65/lib/vic20.lib(pusha.o):
    CODE              Offs=000CBC  Size=000016  Align=00001  Fill=0000
/usr/local/share/cc65/lib/vic20.lib(pushax.o):
    CODE              Offs=000CD2  Size=00001A  Align=00001  Fill=0000
/usr/local/share/cc65/lib/vic20.lib(pushwsp.o):
    CODE              Offs=000CEC  Size=00001C  Align=00001  Fill=0000
/usr/local/share/cc65/lib/vic20.lib(rand.o):
    CODE              Offs=000D08  Size=000034  Align=00001  Fill=0000
    DATA              Offs=00007A  Size=000004  Align=00001  Fill=0000
/usr/local/share/cc65/lib/vic20.lib(read.o):
    CODE              Offs=000D3C  Size=00007C  Align=00001  Fill=0000
    BSS               Offs=000153  Size=000001  Align=00001  Fill=0000
    ONCE              Offs=00000C  Size=00000C  Align=00001  Fill=0000
/usr/local/share/cc65/lib/vic20.lib(returnFFFF.o):
    CODE              Offs=000DB8  Size=000004  Align=00001  Fill=0000
/usr/local/share/cc65/lib/vic20.lib(rwcommon.o):
    CODE              Offs=000DBC  Size=00001A  Align=00001  Fill=0000
/usr/local/share/cc65/lib/vic20.lib(shelp.o):
    CODE              Offs=000DD6  Size=000020  Align=00001  Fill=0000
/usr/local/share/cc65/lib/vic20.lib(status.o):
/usr/local/share/cc65/lib/vic20.lib(strlen.o):
    CODE              Offs=000DF6  Size=000016  Align=00001  Fill=0000
/usr/local/share/cc65/lib/vic20.lib(strlower.o):
    CODE              Offs=000E0C  Size=000027  Align=00001  Fill=0000
/usr/local/share/cc65/lib/vic20.lib(udiv.o):
    CODE              Offs=000E33  Size=00004F  Align=00001  Fill=0000
/usr/local/share/cc65/lib/vic20.lib(vfprintf.o):
    CODE              Offs=000E82  Size=000061  Align=00001  Fill=0000
    DATA              Offs=00007E  Size=000008  Align=00001  Fill=0000
/usr/local/share/cc65/lib/vic20.lib(write.o):
    CODE              Offs=000EE3  Size=000052  Align=00001  Fill=0000
    ONCE              Offs=000018  Size=000011  Align=00001  Fill=0000
/usr/local/share/cc65/lib/vic20.lib(zerobss.o):
    CODE              Offs=000F35  Size=000023  Align=00001  Fill=0000
/usr/local/share/cc65/lib/vic20.lib(zeropage.o):
    ZEROPAGE          Offs=000000  Size=00001A  Align=00001  Fill=0000


Segment list:
-------------
Name                   Start     End    Size  Align
----------------------------------------------------
ZEROPAGE              000002  00001B  00001A  00001
LOADADDR              0011FF  001200  000002  00001
EXEHDR                001201  00120C  00000C  00001
STARTUP               00120D  001246  00003A  00001
ONCE                  001247  001273  00002D  00001
CODE                  001274  0021CB  000F58  00001
RODATA                0021CC  002493  0002C8  00001
DATA                  002494  002519  000086  00001
INIT                  00251A  002533  00001A  00001
BSS                   002534  002687  000154  00001


Exports list by name:
---------------------
BASIN                     00FFCF RLA    BSOUT                     00FFD2 RLA    
CHKIN                     00FFC6 RLA    CKOUT                     00FFC9 RLA    
CLRCH                     00FFCC RLA    OPEN                      00FFC0 RLA    
READST                    00FFB7 RLA    SETLFS                    00FFBA RLA    
ST                        000090 RLZ    __BSS_RUN__               002534 RLA    
__BSS_SIZE__              000154 REA    __CONSTRUCTOR_COUNT__     000002 REA    
__CONSTRUCTOR_TABLE__     001270 RLA    __DESTRUCTOR_COUNT__      000000 REA    
__DESTRUCTOR_TABLE__      002494 RLA    __EXEHDR__                000001 REA    
__LOADADDR__              000001 REA    __MAIN_SIZE__             0065F3 REA    
__MAIN_START__            00120D RLA    __STACKSIZE__             000800 REA    
__STARTUP__               000001 REA    ___directerrno            0017C9 RLA    
___errno                  002681 RLA    ___mappederrno            0017D3 RLA    
___oserror                002654 RLA    ___osmaperrno             001ED4 RLA    
___seterrno               001B85 RLA    __ctype                   0023AF RLA    
__ctypeidx                0023BA RLA    __hextab                  002393 RLA    
__longminstr              0023A3 RLA    __printf                  0018D4 RLA    
_fgetc                    001C33 RLA    _fwrite                   001CA0 RLA    
_getchar                  001D19 RLA    _ltoa                     001DB5 RLA    
_main                     001650 RLA    _printf                   001EF8 RLA    
_rand                     001F88 RLA    _read                     001FB0 RLA    
_stdin                    0024CC RLA    _stdout                   0024CE RLA    
_strlen                   00206A RLA    _strlower                 002080 RLA    
_tunix_alloc              0016A8 REA    _tunix_exit               001703 REA    
_tunix_fork               0016F1 REA    _tunix_free               0016BA REA    
_tunix_getpid             0016DF REA    _tunix_mem_info           0016CD REA    
_tunix_mode               001695 REA    _tunix_proc_info          001778 REA    
_tunix_proc_list          001765 REA    _tunix_schedule           001687 REA    
_tunix_wait               001752 REA    _ultoa                    001DF6 RLA    
_vfprintf                 00212E RLA    _write                    002157 RLA    
addysp                    001B8F RLA    axlong                    001B9C RLA    
axulong                   001BA2 RLA    callmain                  001BA9 RLA    
checkferror               001BC0 RLA    ctypemaskdirect           001BDC RLA    
decsp1                    001BF6 RLA    decsp2                    001BFF RLA    
decsp3                    001C0C RLA    decsp4                    001C19 RLA    
decsp6                    001C26 RLA    donelib                   001BCC RLA    
fdtab                     0024FE RLA    incax1                    001D22 RLA    
incsp1                    001D29 RLA    incsp2                    001D38 RLA    
incsp3                    001D46 RLA    incsp4                    001D4B RLA    
incsp6                    001D50 RLA    initlib                   001247 RLA    
initstdin                 001253  LAI   initstdout                00125F  LAI   
ldaxysp                   001D57 RLA    lib_alloc                 0016A8 RLA    
lib_exit                  001703 RLA    lib_fork                  0016F1 RLA    
lib_free                  0016BA RLA    lib_getpid                0016DF RLA    
lib_iopage_alloc          00178B RLA    lib_iopage_commit         00179D RLA    
lib_iopage_free           0017B0 RLA    lib_kill                  001716 RLA    
lib_mem_info              0016CD RLA    lib_mode                  001695 RLA    
lib_proc_info             001778 RLA    lib_proc_list             001765 RLA    
lib_resume                00173F RLA    lib_schedule              001687 RLA    
lib_suspend               00172C RLA    lib_wait                  001752 RLA    
mul8x16                   001E8A RLA    mul8x16a                  001E94 RLA    
negax                     001EC6 RLA    negeax                    001D5E RLA    
popax                     001D30 RLA    popptr1                   001EEA RLA    
popsargsudiv16            00204A RLA    ptr1                      00000A RLZ    
ptr2                      00000C RLZ    ptr3                      00000E RLZ    
ptr4                      000010 RLZ    push1                     001F2B RLA    
pusha                     001F34 RLA    pusha0                    001F48 RLA    
pushax                    001F4A RLA    pusheax                   001D85 RLA    
pushwysp                  001F62 RLA    regbank                   000016 RLZ    
returnFFFF                00202C RLA    rwcommon                  002030 RLA    
sp                        000002 RLZ    sreg                      000004 RLZ    
tmp1                      000012 RLZ    tmp2                      000013 RLZ    
tmp3                      000014 RLZ    tosmoda0                  001E32 RLA    
tosudivax                 0020A9 RLA    tosumulax                 001E43 RLA    
udiv16                    0020B8 RLA    unittab                   002506 RLA    
zerobss                   0021A9 RLA    


Exports list by value:
----------------------
__DESTRUCTOR_COUNT__      000000 REA    __EXEHDR__                000001 REA    
__LOADADDR__              000001 REA    __STARTUP__               000001 REA    
__CONSTRUCTOR_COUNT__     000002 REA    sp                        000002 RLZ    
sreg                      000004 RLZ    ptr1                      00000A RLZ    
ptr2                      00000C RLZ    ptr3                      00000E RLZ    
ptr4                      000010 RLZ    tmp1                      000012 RLZ    
tmp2                      000013 RLZ    tmp3                      000014 RLZ    
regbank                   000016 RLZ    ST                        000090 RLZ    
__BSS_SIZE__              000154 REA    __STACKSIZE__             000800 REA    
__MAIN_START__            00120D RLA    initlib                   001247 RLA    
initstdin                 001253  LAI   initstdout                00125F  LAI   
__CONSTRUCTOR_TABLE__     001270 RLA    _main                     001650 RLA    
_tunix_schedule           001687 REA    lib_schedule              001687 RLA    
_tunix_mode               001695 REA    lib_mode                  001695 RLA    
_tunix_alloc              0016A8 REA    lib_alloc                 0016A8 RLA    
_tunix_free               0016BA REA    lib_free                  0016BA RLA    
_tunix_mem_info           0016CD REA    lib_mem_info              0016CD RLA    
_tunix_getpid             0016DF REA    lib_getpid                0016DF RLA    
_tunix_fork               0016F1 REA    lib_fork                  0016F1 RLA    
_tunix_exit               001703 REA    lib_exit                  001703 RLA    
lib_kill                  001716 RLA    lib_suspend               00172C RLA    
lib_resume                00173F RLA    _tunix_wait               001752 REA    
lib_wait                  001752 RLA    _tunix_proc_list          001765 REA    
lib_proc_list             001765 RLA    _tunix_proc_info          001778 REA    
lib_proc_info             001778 RLA    lib_iopage_alloc          00178B RLA    
lib_iopage_commit         00179D RLA    lib_iopage_free           0017B0 RLA    
___directerrno            0017C9 RLA    ___mappederrno            0017D3 RLA    
__printf                  0018D4 RLA    ___seterrno               001B85 RLA    
addysp                    001B8F RLA    axlong                    001B9C RLA    
axulong                   001BA2 RLA    callmain                  001BA9 RLA    
checkferror               001BC0 RLA    donelib                   001BCC RLA    
ctypemaskdirect           001BDC RLA    decsp1                    001BF6 RLA    
decsp2                    001BFF RLA    decsp3                    001C0C RLA    
decsp4                    001C19 RLA    decsp6                    001C26 RLA    
_fgetc                    001C33 RLA    _fwrite                   001CA0 RLA    
_getchar                  001D19 RLA    incax1                    001D22 RLA    
incsp1                    001D29 RLA    popax                     001D30 RLA    
incsp2                    001D38 RLA    incsp3                    001D46 RLA    
incsp4                    001D4B RLA    incsp6                    001D50 RLA    
ldaxysp                   001D57 RLA    negeax                    001D5E RLA    
pusheax                   001D85 RLA    _ltoa                     001DB5 RLA    
_ultoa                    001DF6 RLA    tosmoda0                  001E32 RLA    
tosumulax                 001E43 RLA    mul8x16                   001E8A RLA    
mul8x16a                  001E94 RLA    negax                     001EC6 RLA    
___osmaperrno             001ED4 RLA    popptr1                   001EEA RLA    
_printf                   001EF8 RLA    push1                     001F2B RLA    
pusha                     001F34 RLA    pusha0                    001F48 RLA    
pushax                    001F4A RLA    pushwysp                  001F62 RLA    
_rand                     001F88 RLA    _read                     001FB0 RLA    
returnFFFF                00202C RLA    rwcommon                  002030 RLA    
popsargsudiv16            00204A RLA    _strlen                   00206A RLA    
_strlower                 002080 RLA    tosudivax                 0020A9 RLA    
udiv16                    0020B8 RLA    _vfprintf                 00212E RLA    
_write                    002157 RLA    zerobss                   0021A9 RLA    
__hextab                  002393 RLA    __longminstr              0023A3 RLA    
__ctype                   0023AF RLA    __ctypeidx                0023BA RLA    
__DESTRUCTOR_TABLE__      002494 RLA    _stdin                    0024CC RLA    
_stdout                   0024CE RLA    fdtab                     0024FE RLA    
unittab                   002506 RLA    __BSS_RUN__               002534 RLA    
___oserror                002654 RLA    ___errno                  002681 RLA    
__MAIN_SIZE__             0065F3 REA    READST                    00FFB7 RLA    
SETLFS                    00FFBA RLA    OPEN                      00FFC0 RLA    
CHKIN                     00FFC6 RLA    CKOUT                     00FFC9 RLA    
CLRCH                     00FFCC RLA    BASIN                     00FFCF RLA    
BSOUT                     00FFD2 RLA    


Imports list:
-------------
BASIN (kernal.o):
    read.o                    cbm/cbm.inc:47
BSOUT (kernal.o):
    write.o                   cbm/cbm.inc:49
    read.o                    cbm/cbm.inc:49
    crt0.o                    vic20/crt0.s:10
CHKIN (kernal.o):
    read.o                    cbm/cbm.inc:44
CKOUT (kernal.o):
    write.o                   cbm/cbm.inc:45
CLRCH (kernal.o):
    write.o                   cbm/cbm.inc:46
    read.o                    cbm/cbm.inc:46
OPEN (kernal.o):
    write.o                   cbm/cbm.inc:35
    read.o                    cbm/cbm.inc:35
READST (kernal.o):
    write.o                   cbm/cbm.inc:32
    read.o                    cbm/cbm.inc:32
SETLFS (kernal.o):
    write.o                   cbm/cbm.inc:33
    read.o                    cbm/cbm.inc:33
ST (status.o):
    crt0.o                    vic20/crt0.s:13
__BSS_RUN__ ([linker generated]):
    zerobss.o                 common/zerobss.s:8
__BSS_SIZE__ ([linker generated]):
    zerobss.o                 common/zerobss.s:8
__CONSTRUCTOR_COUNT__ ([linker generated]):
    condes.o                  runtime/condes.s:18
__CONSTRUCTOR_TABLE__ ([linker generated]):
    condes.o                  runtime/condes.s:18
__DESTRUCTOR_COUNT__ ([linker generated]):
    condes.o                  runtime/condes.s:19
__DESTRUCTOR_TABLE__ ([linker generated]):
    condes.o                  runtime/condes.s:19
__EXEHDR__ (exehdr.o):
    [linker generated]        /usr/local/share/cc65/cfg/vic20-32k.cfg:5
__LOADADDR__ (loadaddr.o):
    [linker generated]        /usr/local/share/cc65/cfg/vic20-32k.cfg:4
__MAIN_SIZE__ ([linker generated]):
    crt0.o                    vic20/crt0.s:11
__MAIN_START__ ([linker generated]):
    crt0.o                    vic20/crt0.s:11
__STACKSIZE__ ([linker generated]):
    crt0.o                    vic20/crt0.s:12
    [linker generated]        /usr/local/share/cc65/cfg/vic20-32k.cfg:12
__STARTUP__ (crt0.o):
    init.o                    init.s:13
___directerrno (_directerrno.o):
    write.o                   /home/pixel/Desktop/3rd-party/lang/cc65/asminc/errno.inc:10
    read.o                    /home/pixel/Desktop/3rd-party/lang/cc65/asminc/errno.inc:10
___errno (errno.o):
    _seterrno.o               /home/pixel/Desktop/3rd-party/lang/cc65/asminc/errno.inc:7
___mappederrno (_mappederrno.o):
    write.o                   /home/pixel/Desktop/3rd-party/lang/cc65/asminc/errno.inc:10
    read.o                    /home/pixel/Desktop/3rd-party/lang/cc65/asminc/errno.inc:10
___oserror (_oserror.o):
    _mappederrno.o            /home/pixel/Desktop/3rd-party/lang/cc65/asminc/errno.inc:7
    _directerrno.o            /home/pixel/Desktop/3rd-party/lang/cc65/asminc/errno.inc:7
    write.o                   /home/pixel/Desktop/3rd-party/lang/cc65/asminc/errno.inc:7
    read.o                    /home/pixel/Desktop/3rd-party/lang/cc65/asminc/errno.inc:7
___osmaperrno (oserror.o):
    _mappederrno.o            /home/pixel/Desktop/3rd-party/lang/cc65/asminc/errno.inc:8
___seterrno (_seterrno.o):
    _mappederrno.o            /home/pixel/Desktop/3rd-party/lang/cc65/asminc/errno.inc:9
    _directerrno.o            /home/pixel/Desktop/3rd-party/lang/cc65/asminc/errno.inc:9
    fwrite.o                  /home/pixel/Desktop/3rd-party/lang/cc65/asminc/errno.inc:9
__ctype (ctype.o):
    ctypemask.o               common/ctypemask.s:23
__ctypeidx (ctype.o):
    ctypemask.o               common/ctypemask.s:24
__hextab (_hextab.o):
    ltoa.o                    common/ltoa.s:10
__longminstr (_longminstr.o):
    ltoa.o                    common/ltoa.s:10
__printf (_printf.o):
    vfprintf.o                common/vfprintf.s:10
_fgetc (fgetc.o):
    getchar.o                 ../libwrk/vic20/getchar.s:17
_fwrite (fwrite.o):
    vfprintf.o                common/vfprintf.s:10
_getchar (getchar.o):
    init.o                    init.s:26
_ltoa (ltoa.o):
    _printf.o                 common/_printf.s:12
_main (init.o):
    callmain.o                runtime/callmain.s:11
_printf (printf.o):
    init.o                    init.s:27
_rand (rand.o):
    init.o                    init.s:25
_read (read.o):
    fgetc.o                   common/fgetc.s:8
_stdin (_file.o):
    getchar.o                 ../libwrk/vic20/getchar.s:16
_stdout (_file.o):
    printf.o                  common/printf.s:8
_strlen (strlen.o):
    _printf.o                 common/_printf.s:13
_strlower (strlower.o):
    _printf.o                 common/_printf.s:13
_tunix_alloc (c-wrappers.o):
    init.o                    init.s:15
_tunix_exit (c-wrappers.o):
    init.o                    init.s:21
_tunix_fork (c-wrappers.o):
    init.o                    init.s:20
_tunix_free (c-wrappers.o):
    init.o                    init.s:16
_tunix_getpid (c-wrappers.o):
    init.o                    init.s:19
_tunix_mem_info (c-wrappers.o):
    init.o                    init.s:17
_tunix_mode (c-wrappers.o):
    init.o                    init.s:14
_tunix_proc_info (c-wrappers.o):
    init.o                    init.s:23
_tunix_proc_list (c-wrappers.o):
    init.o                    init.s:24
_tunix_schedule (c-wrappers.o):
    init.o                    init.s:18
_tunix_wait (c-wrappers.o):
    init.o                    init.s:22
_ultoa (ltoa.o):
    _printf.o                 common/_printf.s:12
_vfprintf (vfprintf.o):
    printf.o                  common/printf.s:8
_write (write.o):
    fwrite.o                  common/fwrite.s:10
addysp (addysp.o):
    fwrite.o                  common/fwrite.s:11
    printf.o                  common/printf.s:8
    incsp6.o                  runtime/incsp6.s:8
    incsp4.o                  runtime/incsp4.s:8
    incsp3.o                  runtime/incsp3.s:8
axlong (axlong.o):
    _printf.o                 common/_printf.s:11
axulong (axlong.o):
    _printf.o                 common/_printf.s:11
callmain (callmain.o):
    crt0.o                    vic20/crt0.s:9
checkferror (checkferror.o):
    fgetc.o                   common/fgetc.s:8
ctypemaskdirect (ctypemask.o):
    strlower.o                common/strlower.s:14
decsp1 (decsp1.o):
    init.o                    init.s:675
    init.o                    init.s:675
decsp2 (decsp2.o):
    init.o                    init.s:675
decsp3 (decsp3.o):
    init.o                    init.s:675
decsp4 (decsp4.o):
    lpush.o                   runtime/lpush.s:12
    init.o                    init.s:675
decsp6 (decsp6.o):
    _printf.o                 common/_printf.s:11
donelib (condes.o):
    crt0.o                    vic20/crt0.s:7
fdtab (filedes.o):
    write.o                   cbm/filedes.inc:7
    read.o                    cbm/filedes.inc:7
incax1 (incax1.o):
    init.o                    init.s:675
incsp1 (incsp1.o):
    init.o                    init.s:675
incsp2 (incsp2.o):
    popptr1.o                 runtime/popptr1.s:8
    fgetc.o                   common/fgetc.s:9
    init.o                    init.s:675
    init.o                    init.s:675
incsp3 (incsp3.o):
    init.o                    init.s:675
incsp4 (incsp4.o):
    init.o                    init.s:675
incsp6 (incsp6.o):
    fwrite.o                  common/fwrite.s:11
    vfprintf.o                common/vfprintf.s:9
    init.o                    init.s:675
initlib (condes.o):
    crt0.o                    vic20/crt0.s:7
ldaxysp (ldaxsp.o):
    fwrite.o                  common/fwrite.s:11
lib_alloc (main.o):
    c-wrappers.o              c-wrappers.asm:2
lib_exit (main.o):
    c-wrappers.o              c-wrappers.asm:5
lib_fork (main.o):
    c-wrappers.o              c-wrappers.asm:4
lib_free (main.o):
    c-wrappers.o              c-wrappers.asm:2
lib_getpid (main.o):
    c-wrappers.o              c-wrappers.asm:3
lib_iopage_alloc (main.o):
    c-wrappers.o              c-wrappers.asm:7
lib_iopage_commit (main.o):
    c-wrappers.o              c-wrappers.asm:8
lib_iopage_free (main.o):
    c-wrappers.o              c-wrappers.asm:9
lib_kill (main.o):
    c-wrappers.o              c-wrappers.asm:5
lib_mem_info (main.o):
    c-wrappers.o              c-wrappers.asm:2
lib_mode (main.o):
    c-wrappers.o              c-wrappers.asm:1
lib_proc_info (main.o):
    c-wrappers.o              c-wrappers.asm:10
lib_proc_list (main.o):
    c-wrappers.o              c-wrappers.asm:10
lib_resume (main.o):
    c-wrappers.o              c-wrappers.asm:5
lib_schedule (main.o):
    c-wrappers.o              c-wrappers.asm:3
lib_suspend (main.o):
    c-wrappers.o              c-wrappers.asm:4
lib_wait (main.o):
    c-wrappers.o              c-wrappers.asm:6
mul8x16 (mul8.o):
    mul.o                     runtime/mul.s:8
mul8x16a (mul8.o):
    mul.o                     runtime/mul.s:8
negax (negabs.o):
    shelp.o                   runtime/shelp.s:11
    mod.o                     runtime/mod.s:11
negeax (lneg.o):
    ltoa.o                    common/ltoa.s:9
popax (incsp2.o):
    rwcommon.o                cbm/rwcommon.s:9
    ltoa.o                    common/ltoa.s:9
    _printf.o                 common/_printf.s:11
    shelp.o                   runtime/shelp.s:11
    c-wrappers.o              c-wrappers.asm:11
popptr1 (popptr1.o):
    rwcommon.o                cbm/rwcommon.s:9
    mul8.o                    runtime/mul8.s:9
    mul.o                     runtime/mul.s:9
    ltoa.o                    common/ltoa.s:9
    fgetc.o                   common/fgetc.s:9
    udiv.o                    runtime/udiv.s:9
popsargsudiv16 (shelp.o):
    mod.o                     runtime/mod.s:11
ptr1 (zeropage.o):
    checkferror.o             common/checkferror.s:12
    write.o                   cbm/write.s:11
    strlower.o                common/strlower.s:13
    read.o                    cbm/read.s:13
    popptr1.o                 runtime/popptr1.s:9
    mul8.o                    runtime/mul8.s:10
    mul.o                     runtime/mul.s:10
    ltoa.o                    common/ltoa.s:11
    fwrite.o                  common/fwrite.s:14
    fgetc.o                   common/fgetc.s:10
    _printf.o                 /home/pixel/Desktop/3rd-party/lang/cc65/asminc/zeropage.inc:12
    zerobss.o                 common/zerobss.s:9
    vfprintf.o                common/vfprintf.s:11
    udiv.o                    runtime/udiv.s:10
    shelp.o                   runtime/shelp.s:12
    printf.o                  common/printf.s:9
ptr2 (zeropage.o):
    write.o                   cbm/write.s:11
    strlower.o                common/strlower.s:13
    rwcommon.o                cbm/rwcommon.s:10
    read.o                    cbm/read.s:13
    ltoa.o                    common/ltoa.s:11
    _printf.o                 /home/pixel/Desktop/3rd-party/lang/cc65/asminc/zeropage.inc:12
ptr3 (zeropage.o):
    write.o                   cbm/write.s:11
    rwcommon.o                cbm/rwcommon.s:10
    read.o                    cbm/read.s:13
    ltoa.o                    common/ltoa.s:11
ptr4 (zeropage.o):
    strlen.o                  common/strlen.s:12
    mul8.o                    runtime/mul8.s:10
    mul.o                     runtime/mul.s:10
    udiv.o                    runtime/udiv.s:10
    shelp.o                   runtime/shelp.s:12
push1 (push1.o):
    _printf.o                 common/_printf.s:11
    vfprintf.o                common/vfprintf.s:9
pusha (pusha.o):
    init.o                    init.s:675
    init.o                    init.s:675
    init.o                    init.s:675
    init.o                    init.s:675
    init.o                    init.s:675
pusha0 (pushax.o):
    push1.o                   runtime/push1.s:8
    fwrite.o                  common/fwrite.s:11
    fgetc.o                   common/fgetc.s:9
    init.o                    init.s:675
    init.o                    init.s:675
pushax (pushax.o):
    fwrite.o                  common/fwrite.s:11
    fgetc.o                   common/fgetc.s:9
    callmain.o                runtime/callmain.s:11
    _printf.o                 common/_printf.s:11
    printf.o                  common/printf.s:8
    init.o                    init.s:675
    init.o                    init.s:675
    init.o                    init.s:675
    init.o                    init.s:675
    init.o                    init.s:675
pusheax (lpush.o):
    _printf.o                 common/_printf.s:11
pushwysp (pushwsp.o):
    fwrite.o                  common/fwrite.s:11
    vfprintf.o                common/vfprintf.s:9
regbank (zeropage.o):
    _printf.o                 /home/pixel/Desktop/3rd-party/lang/cc65/asminc/zeropage.inc:14
returnFFFF (returnFFFF.o):
    fgetc.o                   common/fgetc.s:9
rwcommon (rwcommon.o):
    write.o                   cbm/write.s:10
    read.o                    cbm/read.s:11
sp (zeropage.o):
    pushwsp.o                 runtime/pushwsp.s:8
    popptr1.o                 runtime/popptr1.s:9
    lpush.o                   runtime/lpush.s:13
    ldaxsp.o                  runtime/ldaxsp.s:8
    decsp6.o                  runtime/decsp6.s:8
    addysp.o                  runtime/addysp.s:8
    _printf.o                 /home/pixel/Desktop/3rd-party/lang/cc65/asminc/zeropage.inc:11
    vfprintf.o                common/vfprintf.s:11
    pushax.o                  runtime/pushax.s:8
    pusha.o                   runtime/pusha.s:8
    printf.o                  common/printf.s:9
    incsp2.o                  runtime/incsp2.s:8
    incsp1.o                  runtime/incsp1.s:8
    decsp4.o                  runtime/decsp4.s:8
    decsp3.o                  runtime/decsp3.s:8
    decsp2.o                  runtime/decsp2.s:8
    decsp1.o                  runtime/decsp1.s:8
    crt0.o                    /home/pixel/Desktop/3rd-party/lang/cc65/asminc/zeropage.inc:11
    init.o                    init.s:10
sreg (zeropage.o):
    lneg.o                    runtime/lneg.s:11
    ltoa.o                    common/ltoa.s:11
    lpush.o                   runtime/lpush.s:13
    axlong.o                  runtime/axlong.s:9
    _printf.o                 /home/pixel/Desktop/3rd-party/lang/cc65/asminc/zeropage.inc:11
    udiv.o                    runtime/udiv.s:10
    mod.o                     runtime/mod.s:12
tmp1 (zeropage.o):
    read.o                    cbm/read.s:13
    mul.o                     runtime/mul.s:10
    ltoa.o                    common/ltoa.s:11
    _printf.o                 /home/pixel/Desktop/3rd-party/lang/cc65/asminc/zeropage.inc:13
    shelp.o                   runtime/shelp.s:12
    mod.o                     runtime/mod.s:12
tmp2 (zeropage.o):
    rwcommon.o                cbm/rwcommon.s:10
    read.o                    cbm/read.s:13
    shelp.o                   runtime/shelp.s:12
tmp3 (zeropage.o):
    read.o                    cbm/read.s:13
tosmoda0 (mod.o):
    init.o                    init.s:675
tosudivax (udiv.o):
    fwrite.o                  common/fwrite.s:12
tosumulax (mul.o):
    fwrite.o                  common/fwrite.s:12
udiv16 (udiv.o):
    shelp.o                   runtime/shelp.s:11
unittab (filedes.o):
    read.o                    cbm/filedes.inc:8
zerobss (zerobss.o):
    crt0.o                    vic20/crt0.s:8

