Modules list:
-------------
init.o:
    CODE              Offs=000000  Size=000361  Align=00001  Fill=0000
    RODATA            Offs=000000  Size=000164  Align=00001  Fill=0000
    BSS               Offs=000000  Size=000140  Align=00001  Fill=0000
../lib/tunix/libtunix.a(main.o):
    CODE              Offs=000361  Size=000124  Align=00001  Fill=0000
    DATA              Offs=000000  Size=00001E  Align=00001  Fill=0000
../lib/tunix/libtunix.a(c-wrappers.o):
    CODE              Offs=000485  Size=000006  Align=00001  Fill=0000
/usr/local/share/cc65/lib/vic20.lib(_directerrno.o):
    CODE              Offs=00048B  Size=00000A  Align=00001  Fill=0000
/usr/local/share/cc65/lib/vic20.lib(_file.o):
    DATA              Offs=00001E  Size=00001E  Align=00001  Fill=0000
/usr/local/share/cc65/lib/vic20.lib(_hextab.o):
    RODATA            Offs=000164  Size=000010  Align=00001  Fill=0000
/usr/local/share/cc65/lib/vic20.lib(_longminstr.o):
    RODATA            Offs=000174  Size=00000C  Align=00001  Fill=0000
/usr/local/share/cc65/lib/vic20.lib(_mappederrno.o):
    CODE              Offs=000495  Size=000010  Align=00001  Fill=0000
/usr/local/share/cc65/lib/vic20.lib(_oserror.o):
    BSS               Offs=000140  Size=000001  Align=00001  Fill=0000
/usr/local/share/cc65/lib/vic20.lib(_printf.o):
    CODE              Offs=0004A5  Size=0003A2  Align=00001  Fill=0000
    BSS               Offs=000141  Size=00002B  Align=00001  Fill=0000
    DATA              Offs=00003C  Size=000003  Align=00001  Fill=0000
/usr/local/share/cc65/lib/vic20.lib(_seterrno.o):
    CODE              Offs=000847  Size=000009  Align=00001  Fill=0000
/usr/local/share/cc65/lib/vic20.lib(addeqsp.o):
    CODE              Offs=000850  Size=000011  Align=00001  Fill=0000
/usr/local/share/cc65/lib/vic20.lib(addysp.o):
    CODE              Offs=000861  Size=00000E  Align=00001  Fill=0000
/usr/local/share/cc65/lib/vic20.lib(axlong.o):
    CODE              Offs=00086F  Size=00000D  Align=00001  Fill=0000
/usr/local/share/cc65/lib/vic20.lib(callmain.o):
    CODE              Offs=00087C  Size=000017  Align=00001  Fill=0000
    DATA              Offs=00003F  Size=000004  Align=00001  Fill=0000
/usr/local/share/cc65/lib/vic20.lib(condes.o):
    CODE              Offs=000893  Size=00000C  Align=00001  Fill=0000
    DATA              Offs=000043  Size=000025  Align=00001  Fill=0000
    ONCE              Offs=000000  Size=00000C  Align=00001  Fill=0000
/usr/local/share/cc65/lib/vic20.lib(crt0.o):
    BSS               Offs=00016C  Size=000001  Align=00001  Fill=0000
    STARTUP           Offs=000000  Size=00003A  Align=00001  Fill=0000
    INIT              Offs=000000  Size=00001A  Align=00001  Fill=0000
/usr/local/share/cc65/lib/vic20.lib(ctype.o):
    RODATA            Offs=000180  Size=00008B  Align=00001  Fill=0000
/usr/local/share/cc65/lib/vic20.lib(ctypemask.o):
    CODE              Offs=00089F  Size=00001E  Align=00001  Fill=0000
/usr/local/share/cc65/lib/vic20.lib(decsp1.o):
    CODE              Offs=0008BD  Size=000009  Align=00001  Fill=0000
/usr/local/share/cc65/lib/vic20.lib(decsp4.o):
    CODE              Offs=0008C6  Size=00000D  Align=00001  Fill=0000
/usr/local/share/cc65/lib/vic20.lib(decsp5.o):
    CODE              Offs=0008D3  Size=00000D  Align=00001  Fill=0000
/usr/local/share/cc65/lib/vic20.lib(decsp6.o):
    CODE              Offs=0008E0  Size=00000D  Align=00001  Fill=0000
/usr/local/share/cc65/lib/vic20.lib(errno.o):
    BSS               Offs=00016D  Size=000002  Align=00001  Fill=0000
/usr/local/share/cc65/lib/vic20.lib(exehdr.o):
    EXEHDR            Offs=000000  Size=00000C  Align=00001  Fill=0000
/usr/local/share/cc65/lib/vic20.lib(filedes.o):
    CODE              Offs=0008ED  Size=00000E  Align=00001  Fill=0000
    DATA              Offs=000068  Size=000010  Align=00001  Fill=0000
/usr/local/share/cc65/lib/vic20.lib(fwrite.o):
    CODE              Offs=0008FB  Size=000079  Align=00001  Fill=0000
    BSS               Offs=00016F  Size=000002  Align=00001  Fill=0000
/usr/local/share/cc65/lib/vic20.lib(incax1.o):
    CODE              Offs=000974  Size=000007  Align=00001  Fill=0000
/usr/local/share/cc65/lib/vic20.lib(incsp2.o):
    CODE              Offs=00097B  Size=000016  Align=00001  Fill=0000
/usr/local/share/cc65/lib/vic20.lib(incsp3.o):
    CODE              Offs=000991  Size=000005  Align=00001  Fill=0000
/usr/local/share/cc65/lib/vic20.lib(incsp6.o):
    CODE              Offs=000996  Size=000005  Align=00001  Fill=0000
/usr/local/share/cc65/lib/vic20.lib(kernal.o):
/usr/local/share/cc65/lib/vic20.lib(ldaxsp.o):
    CODE              Offs=00099B  Size=000009  Align=00001  Fill=0000
/usr/local/share/cc65/lib/vic20.lib(lneg.o):
    CODE              Offs=0009A4  Size=00001E  Align=00001  Fill=0000
/usr/local/share/cc65/lib/vic20.lib(loadaddr.o):
    LOADADDR          Offs=000000  Size=000002  Align=00001  Fill=0000
/usr/local/share/cc65/lib/vic20.lib(lpush.o):
    CODE              Offs=0009C2  Size=000021  Align=00001  Fill=0000
/usr/local/share/cc65/lib/vic20.lib(ltoa.o):
    CODE              Offs=0009E3  Size=000095  Align=00001  Fill=0000
/usr/local/share/cc65/lib/vic20.lib(mul.o):
    CODE              Offs=000A78  Size=000045  Align=00001  Fill=0000
/usr/local/share/cc65/lib/vic20.lib(mul8.o):
    CODE              Offs=000ABD  Size=00003A  Align=00001  Fill=0000
/usr/local/share/cc65/lib/vic20.lib(oserror.o):
    CODE              Offs=000AF7  Size=000016  Align=00001  Fill=0000
    RODATA            Offs=00020B  Size=00005A  Align=00001  Fill=0000
/usr/local/share/cc65/lib/vic20.lib(popptr1.o):
    CODE              Offs=000B0D  Size=00000E  Align=00001  Fill=0000
/usr/local/share/cc65/lib/vic20.lib(printf.o):
    CODE              Offs=000B1B  Size=000033  Align=00001  Fill=0000
    BSS               Offs=000171  Size=000001  Align=00001  Fill=0000
/usr/local/share/cc65/lib/vic20.lib(push1.o):
    CODE              Offs=000B4E  Size=000005  Align=00001  Fill=0000
/usr/local/share/cc65/lib/vic20.lib(pusha.o):
    CODE              Offs=000B53  Size=000016  Align=00001  Fill=0000
/usr/local/share/cc65/lib/vic20.lib(pushax.o):
    CODE              Offs=000B69  Size=00001A  Align=00001  Fill=0000
/usr/local/share/cc65/lib/vic20.lib(pushwsp.o):
    CODE              Offs=000B83  Size=00001C  Align=00001  Fill=0000
/usr/local/share/cc65/lib/vic20.lib(rwcommon.o):
    CODE              Offs=000B9F  Size=00001A  Align=00001  Fill=0000
/usr/local/share/cc65/lib/vic20.lib(status.o):
/usr/local/share/cc65/lib/vic20.lib(staxsp.o):
    CODE              Offs=000BB9  Size=00000B  Align=00001  Fill=0000
/usr/local/share/cc65/lib/vic20.lib(strlen.o):
    CODE              Offs=000BC4  Size=000016  Align=00001  Fill=0000
/usr/local/share/cc65/lib/vic20.lib(strlower.o):
    CODE              Offs=000BDA  Size=000027  Align=00001  Fill=0000
/usr/local/share/cc65/lib/vic20.lib(udiv.o):
    CODE              Offs=000C01  Size=00004F  Align=00001  Fill=0000
/usr/local/share/cc65/lib/vic20.lib(vfprintf.o):
    CODE              Offs=000C50  Size=000061  Align=00001  Fill=0000
    DATA              Offs=000078  Size=000008  Align=00001  Fill=0000
/usr/local/share/cc65/lib/vic20.lib(write.o):
    CODE              Offs=000CB1  Size=000052  Align=00001  Fill=0000
    ONCE              Offs=00000C  Size=000011  Align=00001  Fill=0000
/usr/local/share/cc65/lib/vic20.lib(zerobss.o):
    CODE              Offs=000D03  Size=000023  Align=00001  Fill=0000
/usr/local/share/cc65/lib/vic20.lib(zeropage.o):
    ZEROPAGE          Offs=000000  Size=00001A  Align=00001  Fill=0000


Segment list:
-------------
Name                   Start     End    Size  Align
----------------------------------------------------
ZEROPAGE              000002  00001B  00001A  00001
LOADADDR              0011FF  001200  000002  00001
EXEHDR                001201  00120C  00000C  00001
STARTUP               00120D  001246  00003A  00001
ONCE                  001247  001265  00001F  00001
CODE                  001266  001F8B  000D26  00001
RODATA                001F8C  0021F0  000265  00001
DATA                  0021F1  002270  000080  00001
INIT                  002271  00228A  00001A  00001
BSS                   00228B  0023FC  000172  00001


Exports list by name:
---------------------
BSOUT                     00FFD2 RLA    CKOUT                     00FFC9 RLA    
CLRCH                     00FFCC RLA    OPEN                      00FFC0 RLA    
READST                    00FFB7 RLA    SETLFS                    00FFBA RLA    
ST                        000090 RLZ    __BSS_RUN__               00228B RLA    
__BSS_SIZE__              000172 REA    __CONSTRUCTOR_COUNT__     000001 REA    
__CONSTRUCTOR_TABLE__     001264 RLA    __DESTRUCTOR_COUNT__      000000 REA    
__DESTRUCTOR_TABLE__      0021F1 RLA    __EXEHDR__                000001 REA    
__LOADADDR__              000001 REA    __MAIN_SIZE__             0065F3 REA    
__MAIN_START__            00120D RLA    __STACKSIZE__             000800 REA    
__STARTUP__               000001 REA    ___directerrno            0016F1 RLA    
___errno                  0023F8 RLA    ___mappederrno            0016FB RLA    
___oserror                0023CB RLA    ___osmaperrno             001D5D RLA    
___seterrno               001AAD RLA    __ctype                   00210C RLA    
__ctypeidx                002117 RLA    __hextab                  0020F0 RLA    
__longminstr              002100 RLA    __printf                  0017FC RLA    
_fwrite                   001B61 RLA    _ltoa                     001C61 RLA    
_main                     0015A2 RLA    _printf                   001D81 RLA    
_stdout                   002229 RLA    _strlen                   001E2A RLA    
_strlower                 001E40 RLA    _tunix_alloc              0015D8 REA    
_tunix_exit               00162C REA    _tunix_fork               00161A REA    
_tunix_free               0015E9 REA    _tunix_mode               0015C7 REA    
_tunix_proc_info          0016A0 REA    _tunix_schedule           0015FA REA    
_tunix_wait               00167B REA    _ultoa                    001CA2 RLA    
_vfprintf                 001EEE RLA    _write                    001F17 RLA    
addeqysp                  001AB8 RLA    addysp                    001AC8 RLA    
axlong                    001AD5 RLA    axulong                   001ADB RLA    
callmain                  001AE2 RLA    ctypemaskdirect           001B09 RLA    
decsp1                    001B23 RLA    decsp4                    001B2C RLA    
decsp5                    001B39 RLA    decsp6                    001B46 RLA    
donelib                   001AF9 RLA    fdtab                     002259 RLA    
incax1                    001BDA RLA    incsp2                    001BE9 RLA    
incsp3                    001BF7 RLA    incsp6                    001BFC RLA    
initlib                   001247 RLA    initstdout                001253  LAI   
ldaxysp                   001C03 RLA    lib_alloc                 0015D8 RLA    
lib_exit                  00162C RLA    lib_fork                  00161A RLA    
lib_free                  0015E9 RLA    lib_getpid                001608 RLA    
lib_iopage_alloc          0016B3 RLA    lib_iopage_commit         0016C5 RLA    
lib_iopage_free           0016D8 RLA    lib_kill                  00163F RLA    
lib_mode                  0015C7 RLA    lib_proc_info             0016A0 RLA    
lib_proc_list             00168E RLA    lib_resume                001668 RLA    
lib_schedule              0015FA RLA    lib_suspend               001655 RLA    
lib_wait                  00167B RLA    mul8x16                   001D25 RLA    
mul8x16a                  001D2F RLA    negeax                    001C0A RLA    
popax                     001BE1 RLA    popptr1                   001D73 RLA    
ptr1                      00000A RLZ    ptr2                      00000C RLZ    
ptr3                      00000E RLZ    ptr4                      000010 RLZ    
push1                     001DB4 RLA    pusha                     001DBD RLA    
pusha0                    001DD1 RLA    pushax                    001DD3 RLA    
pusheax                   001C31 RLA    pushwysp                  001DEB RLA    
regbank                   000016 RLZ    rwcommon                  001E05 RLA    
sp                        000002 RLZ    sreg                      000004 RLZ    
staxysp                   001E21 RLA    tmp1                      000012 RLZ    
tmp2                      000013 RLZ    tosudivax                 001E69 RLA    
tosumulax                 001CDE RLA    zerobss                   001F69 RLA    



Exports list by value:
----------------------
__DESTRUCTOR_COUNT__      000000 REA    __CONSTRUCTOR_COUNT__     000001 REA    
__EXEHDR__                000001 REA    __LOADADDR__              000001 REA    
__STARTUP__               000001 REA    sp                        000002 RLZ    
sreg                      000004 RLZ    ptr1                      00000A RLZ    
ptr2                      00000C RLZ    ptr3                      00000E RLZ    
ptr4                      000010 RLZ    tmp1                      000012 RLZ    
tmp2                      000013 RLZ    regbank                   000016 RLZ    
ST                        000090 RLZ    __BSS_SIZE__              000172 REA    
__STACKSIZE__             000800 REA    __MAIN_START__            00120D RLA    
initlib                   001247 RLA    initstdout                001253  LAI   
__CONSTRUCTOR_TABLE__     001264 RLA    _main                     0015A2 RLA    
_tunix_mode               0015C7 REA    lib_mode                  0015C7 RLA    
_tunix_alloc              0015D8 REA    lib_alloc                 0015D8 RLA    
_tunix_free               0015E9 REA    lib_free                  0015E9 RLA    
_tunix_schedule           0015FA REA    lib_schedule              0015FA RLA    
lib_getpid                001608 RLA    _tunix_fork               00161A REA    
lib_fork                  00161A RLA    _tunix_exit               00162C REA    
lib_exit                  00162C RLA    lib_kill                  00163F RLA    
lib_suspend               001655 RLA    lib_resume                001668 RLA    
_tunix_wait               00167B REA    lib_wait                  00167B RLA    
lib_proc_list             00168E RLA    _tunix_proc_info          0016A0 REA    
lib_proc_info             0016A0 RLA    lib_iopage_alloc          0016B3 RLA    
lib_iopage_commit         0016C5 RLA    lib_iopage_free           0016D8 RLA    
___directerrno            0016F1 RLA    ___mappederrno            0016FB RLA    
__printf                  0017FC RLA    ___seterrno               001AAD RLA    
addeqysp                  001AB8 RLA    addysp                    001AC8 RLA    
axlong                    001AD5 RLA    axulong                   001ADB RLA    
callmain                  001AE2 RLA    donelib                   001AF9 RLA    
ctypemaskdirect           001B09 RLA    decsp1                    001B23 RLA    
decsp4                    001B2C RLA    decsp5                    001B39 RLA    
decsp6                    001B46 RLA    _fwrite                   001B61 RLA    
incax1                    001BDA RLA    popax                     001BE1 RLA    
incsp2                    001BE9 RLA    incsp3                    001BF7 RLA    
incsp6                    001BFC RLA    ldaxysp                   001C03 RLA    
negeax                    001C0A RLA    pusheax                   001C31 RLA    
_ltoa                     001C61 RLA    _ultoa                    001CA2 RLA    
tosumulax                 001CDE RLA    mul8x16                   001D25 RLA    
mul8x16a                  001D2F RLA    ___osmaperrno             001D5D RLA    
popptr1                   001D73 RLA    _printf                   001D81 RLA    
push1                     001DB4 RLA    pusha                     001DBD RLA    
pusha0                    001DD1 RLA    pushax                    001DD3 RLA    
pushwysp                  001DEB RLA    rwcommon                  001E05 RLA    
staxysp                   001E21 RLA    _strlen                   001E2A RLA    
_strlower                 001E40 RLA    tosudivax                 001E69 RLA    
_vfprintf                 001EEE RLA    _write                    001F17 RLA    
zerobss                   001F69 RLA    __hextab                  0020F0 RLA    
__longminstr              002100 RLA    __ctype                   00210C RLA    
__ctypeidx                002117 RLA    __DESTRUCTOR_TABLE__      0021F1 RLA    
_stdout                   002229 RLA    fdtab                     002259 RLA    
__BSS_RUN__               00228B RLA    ___oserror                0023CB RLA    
___errno                  0023F8 RLA    __MAIN_SIZE__             0065F3 REA    
READST                    00FFB7 RLA    SETLFS                    00FFBA RLA    
OPEN                      00FFC0 RLA    CKOUT                     00FFC9 RLA    
CLRCH                     00FFCC RLA    BSOUT                     00FFD2 RLA    



Imports list:
-------------
BSOUT (kernal.o):
    write.o                   cbm/cbm.inc:49
    crt0.o                    vic20/crt0.s:10
CKOUT (kernal.o):
    write.o                   cbm/cbm.inc:45
CLRCH (kernal.o):
    write.o                   cbm/cbm.inc:46
OPEN (kernal.o):
    write.o                   cbm/cbm.inc:35
READST (kernal.o):
    write.o                   cbm/cbm.inc:32
SETLFS (kernal.o):
    write.o                   cbm/cbm.inc:33
ST (status.o):
    crt0.o                    vic20/crt0.s:13
__BSS_RUN__ ([linker generated]):
    zerobss.o                 common/zerobss.s:8
__BSS_SIZE__ ([linker generated]):
    zerobss.o                 common/zerobss.s:8
__CONSTRUCTOR_COUNT__ ([linker generated]):
    condes.o                  runtime/condes.s:18
__CONSTRUCTOR_TABLE__ ([linker generated]):
    condes.o                  runtime/condes.s:18
__DESTRUCTOR_COUNT__ ([linker generated]):
    condes.o                  runtime/condes.s:19
__DESTRUCTOR_TABLE__ ([linker generated]):
    condes.o                  runtime/condes.s:19
__EXEHDR__ (exehdr.o):
    [linker generated]        /usr/local/share/cc65/cfg/vic20-32k.cfg:5
__LOADADDR__ (loadaddr.o):
    [linker generated]        /usr/local/share/cc65/cfg/vic20-32k.cfg:4
__MAIN_SIZE__ ([linker generated]):
    crt0.o                    vic20/crt0.s:11
__MAIN_START__ ([linker generated]):
    crt0.o                    vic20/crt0.s:11
__STACKSIZE__ ([linker generated]):
    crt0.o                    vic20/crt0.s:12
    [linker generated]        /usr/local/share/cc65/cfg/vic20-32k.cfg:12
__STARTUP__ (crt0.o):
    init.o                    init.s:13
___directerrno (_directerrno.o):
    write.o                   /home/pixel/Desktop/3rd-party/lang/cc65/asminc/errno.inc:10
___errno (errno.o):
    _seterrno.o               /home/pixel/Desktop/3rd-party/lang/cc65/asminc/errno.inc:7
___mappederrno (_mappederrno.o):
    write.o                   /home/pixel/Desktop/3rd-party/lang/cc65/asminc/errno.inc:10
___oserror (_oserror.o):
    _mappederrno.o            /home/pixel/Desktop/3rd-party/lang/cc65/asminc/errno.inc:7
    _directerrno.o            /home/pixel/Desktop/3rd-party/lang/cc65/asminc/errno.inc:7
    write.o                   /home/pixel/Desktop/3rd-party/lang/cc65/asminc/errno.inc:7
___osmaperrno (oserror.o):
    _mappederrno.o            /home/pixel/Desktop/3rd-party/lang/cc65/asminc/errno.inc:8
___seterrno (_seterrno.o):
    _mappederrno.o            /home/pixel/Desktop/3rd-party/lang/cc65/asminc/errno.inc:9
    _directerrno.o            /home/pixel/Desktop/3rd-party/lang/cc65/asminc/errno.inc:9
    fwrite.o                  /home/pixel/Desktop/3rd-party/lang/cc65/asminc/errno.inc:9
__ctype (ctype.o):
    ctypemask.o               common/ctypemask.s:23
__ctypeidx (ctype.o):
    ctypemask.o               common/ctypemask.s:24
__hextab (_hextab.o):
    ltoa.o                    common/ltoa.s:10
__longminstr (_longminstr.o):
    ltoa.o                    common/ltoa.s:10
__printf (_printf.o):
    vfprintf.o                common/vfprintf.s:10
_fwrite (fwrite.o):
    vfprintf.o                common/vfprintf.s:10
_ltoa (ltoa.o):
    _printf.o                 common/_printf.s:12
_main (init.o):
    callmain.o                runtime/callmain.s:11
_printf (printf.o):
    init.o                    init.s:22
_stdout (_file.o):
    printf.o                  common/printf.s:8
_strlen (strlen.o):
    _printf.o                 common/_printf.s:13
_strlower (strlower.o):
    _printf.o                 common/_printf.s:13
_tunix_alloc (c-wrappers.o):
    init.o                    init.s:15
_tunix_exit (c-wrappers.o):
    init.o                    init.s:19
_tunix_fork (c-wrappers.o):
    init.o                    init.s:18
_tunix_free (c-wrappers.o):
    init.o                    init.s:16
_tunix_mode (c-wrappers.o):
    init.o                    init.s:14
_tunix_proc_info (c-wrappers.o):
    init.o                    init.s:21
_tunix_schedule (c-wrappers.o):
    init.o                    init.s:17
_tunix_wait (c-wrappers.o):
    init.o                    init.s:20
_ultoa (ltoa.o):
    _printf.o                 common/_printf.s:12
_vfprintf (vfprintf.o):
    printf.o                  common/printf.s:8
_write (write.o):
    fwrite.o                  common/fwrite.s:10
addeqysp (addeqsp.o):
    init.o                    init.s:574
addysp (addysp.o):
    fwrite.o                  common/fwrite.s:11
    printf.o                  common/printf.s:8
    incsp6.o                  runtime/incsp6.s:8
    incsp3.o                  runtime/incsp3.s:8
axlong (axlong.o):
    _printf.o                 common/_printf.s:11
axulong (axlong.o):
    _printf.o                 common/_printf.s:11
callmain (callmain.o):
    crt0.o                    vic20/crt0.s:9
ctypemaskdirect (ctypemask.o):
    strlower.o                common/strlower.s:14
decsp1 (decsp1.o):
    init.o                    init.s:574
    init.o                    init.s:574
decsp4 (decsp4.o):
    lpush.o                   runtime/lpush.s:12
    init.o                    init.s:574
decsp5 (decsp5.o):
    init.o                    init.s:574
decsp6 (decsp6.o):
    _printf.o                 common/_printf.s:11
donelib (condes.o):
    crt0.o                    vic20/crt0.s:7
fdtab (filedes.o):
    write.o                   cbm/filedes.inc:7
incax1 (incax1.o):
    init.o                    init.s:574
incsp2 (incsp2.o):
    popptr1.o                 runtime/popptr1.s:8
    init.o                    init.s:574
    init.o                    init.s:574
incsp3 (incsp3.o):
    init.o                    init.s:574
incsp6 (incsp6.o):
    fwrite.o                  common/fwrite.s:11
    vfprintf.o                common/vfprintf.s:9
    init.o                    init.s:574
    init.o                    init.s:574
initlib (condes.o):
    crt0.o                    vic20/crt0.s:7
ldaxysp (ldaxsp.o):
    fwrite.o                  common/fwrite.s:11
    init.o                    init.s:574
lib_alloc (main.o):
    c-wrappers.o              c-wrappers.asm:2
lib_exit (main.o):
    c-wrappers.o              c-wrappers.asm:5
lib_fork (main.o):
    c-wrappers.o              c-wrappers.asm:4
lib_free (main.o):
    c-wrappers.o              c-wrappers.asm:2
lib_getpid (main.o):
    c-wrappers.o              c-wrappers.asm:3
lib_iopage_alloc (main.o):
    c-wrappers.o              c-wrappers.asm:7
lib_iopage_commit (main.o):
    c-wrappers.o              c-wrappers.asm:8
lib_iopage_free (main.o):
    c-wrappers.o              c-wrappers.asm:9
lib_kill (main.o):
    c-wrappers.o              c-wrappers.asm:5
lib_mode (main.o):
    c-wrappers.o              c-wrappers.asm:1
lib_proc_info (main.o):
    c-wrappers.o              c-wrappers.asm:10
lib_proc_list (main.o):
    c-wrappers.o              c-wrappers.asm:10
lib_resume (main.o):
    c-wrappers.o              c-wrappers.asm:5
lib_schedule (main.o):
    c-wrappers.o              c-wrappers.asm:3
lib_suspend (main.o):
    c-wrappers.o              c-wrappers.asm:4
lib_wait (main.o):
    c-wrappers.o              c-wrappers.asm:6
mul8x16 (mul8.o):
    mul.o                     runtime/mul.s:8
mul8x16a (mul8.o):
    mul.o                     runtime/mul.s:8
negeax (lneg.o):
    ltoa.o                    common/ltoa.s:9
popax (incsp2.o):
    rwcommon.o                cbm/rwcommon.s:9
    ltoa.o                    common/ltoa.s:9
    _printf.o                 common/_printf.s:11
    c-wrappers.o              c-wrappers.asm:11
popptr1 (popptr1.o):
    rwcommon.o                cbm/rwcommon.s:9
    udiv.o                    runtime/udiv.s:9
    mul8.o                    runtime/mul8.s:9
    mul.o                     runtime/mul.s:9
    ltoa.o                    common/ltoa.s:9
ptr1 (zeropage.o):
    write.o                   cbm/write.s:11
    udiv.o                    runtime/udiv.s:10
    strlower.o                common/strlower.s:13
    popptr1.o                 runtime/popptr1.s:9
    mul8.o                    runtime/mul8.s:10
    mul.o                     runtime/mul.s:10
    ltoa.o                    common/ltoa.s:11
    fwrite.o                  common/fwrite.s:14
    _printf.o                 /home/pixel/Desktop/3rd-party/lang/cc65/asminc/zeropage.inc:12
    zerobss.o                 common/zerobss.s:9
    vfprintf.o                common/vfprintf.s:11
    printf.o                  common/printf.s:9
    init.o                    init.s:11
ptr2 (zeropage.o):
    rwcommon.o                cbm/rwcommon.s:10
    write.o                   cbm/write.s:11
    strlower.o                common/strlower.s:13
    ltoa.o                    common/ltoa.s:11
    _printf.o                 /home/pixel/Desktop/3rd-party/lang/cc65/asminc/zeropage.inc:12
ptr3 (zeropage.o):
    rwcommon.o                cbm/rwcommon.s:10
    write.o                   cbm/write.s:11
    ltoa.o                    common/ltoa.s:11
ptr4 (zeropage.o):
    udiv.o                    runtime/udiv.s:10
    strlen.o                  common/strlen.s:12
    mul8.o                    runtime/mul8.s:10
    mul.o                     runtime/mul.s:10
push1 (push1.o):
    _printf.o                 common/_printf.s:11
    vfprintf.o                common/vfprintf.s:9
pusha (pusha.o):
    init.o                    init.s:574
    init.o                    init.s:574
    init.o                    init.s:574
    init.o                    init.s:574
    init.o                    init.s:574
pusha0 (pushax.o):
    push1.o                   runtime/push1.s:8
    fwrite.o                  common/fwrite.s:11
    init.o                    init.s:574
    init.o                    init.s:574
pushax (pushax.o):
    fwrite.o                  common/fwrite.s:11
    callmain.o                runtime/callmain.s:11
    _printf.o                 common/_printf.s:11
    printf.o                  common/printf.s:8
    init.o                    init.s:574
    init.o                    init.s:574
    init.o                    init.s:574
    init.o                    init.s:574
    init.o                    init.s:574
pusheax (lpush.o):
    _printf.o                 common/_printf.s:11
pushwysp (pushwsp.o):
    fwrite.o                  common/fwrite.s:11
    vfprintf.o                common/vfprintf.s:9
    init.o                    init.s:574
regbank (zeropage.o):
    _printf.o                 /home/pixel/Desktop/3rd-party/lang/cc65/asminc/zeropage.inc:14
rwcommon (rwcommon.o):
    write.o                   cbm/write.s:10
sp (zeropage.o):
    popptr1.o                 runtime/popptr1.s:9
    lpush.o                   runtime/lpush.s:13
    decsp6.o                  runtime/decsp6.s:8
    addysp.o                  runtime/addysp.s:8
    _printf.o                 /home/pixel/Desktop/3rd-party/lang/cc65/asminc/zeropage.inc:11
    vfprintf.o                common/vfprintf.s:11
    staxsp.o                  runtime/staxsp.s:8
    pushwsp.o                 runtime/pushwsp.s:8
    pushax.o                  runtime/pushax.s:8
    pusha.o                   runtime/pusha.s:8
    printf.o                  common/printf.s:9
    ldaxsp.o                  runtime/ldaxsp.s:8
    incsp2.o                  runtime/incsp2.s:8
    decsp5.o                  runtime/decsp5.s:8
    decsp4.o                  runtime/decsp4.s:8
    decsp1.o                  runtime/decsp1.s:8
    crt0.o                    /home/pixel/Desktop/3rd-party/lang/cc65/asminc/zeropage.inc:11
    addeqsp.o                 runtime/addeqsp.s:8
    init.o                    init.s:10
sreg (zeropage.o):
    lneg.o                    runtime/lneg.s:11
    udiv.o                    runtime/udiv.s:10
    ltoa.o                    common/ltoa.s:11
    lpush.o                   runtime/lpush.s:13
    axlong.o                  runtime/axlong.s:9
    _printf.o                 /home/pixel/Desktop/3rd-party/lang/cc65/asminc/zeropage.inc:11
staxysp (staxsp.o):
    init.o                    init.s:574
tmp1 (zeropage.o):
    mul.o                     runtime/mul.s:10
    ltoa.o                    common/ltoa.s:11
    _printf.o                 /home/pixel/Desktop/3rd-party/lang/cc65/asminc/zeropage.inc:13
tmp2 (zeropage.o):
    rwcommon.o                cbm/rwcommon.s:10
tosudivax (udiv.o):
    fwrite.o                  common/fwrite.s:12
tosumulax (mul.o):
    fwrite.o                  common/fwrite.s:12
zerobss (zerobss.o):
    crt0.o                    vic20/crt0.s:8

