Modules list:
-------------
main.o:
    ZEROPAGE          Offs=000000  Size=00000E  Align=00001  Fill=0000
    PRGSTART          Offs=000000  Size=000004  Align=00001  Fill=0000
    ULTIMEM           Offs=000000  Size=000010  Align=00001  Fill=0000
    GLOBALBSS         Offs=000000  Size=00097B  Align=00001  Fill=0000
    LOCALBSS          Offs=000000  Size=00011D  Align=00001  Fill=0000
    LOCALBSS2         Offs=000000  Size=000750  Align=00001  Fill=0000
    LIB               Offs=000000  Size=000163  Align=00001  Fill=0000
    KERNEL            Offs=000000  Size=000EF2  Align=00001  Fill=0000
    KERNELDATA        Offs=000000  Size=000445  Align=00001  Fill=0000
    MACHDEPDATA       Offs=000000  Size=0001DD  Align=00001  Fill=0000
    LOCALCODE         Offs=000000  Size=0001B3  Align=00001  Fill=0000
    TESTS             Offs=000000  Size=0008E7  Align=00001  Fill=0000
start.o:
    CODE              Offs=000000  Size=000019  Align=00001  Fill=0000
    RODATA            Offs=000000  Size=000011  Align=00001  Fill=0000
../lib/tunix/libtunix.a(main.o):
    CODE              Offs=000019  Size=00012A  Align=00001  Fill=0000
    DATA              Offs=000000  Size=00001E  Align=00001  Fill=0000
/usr/local/share/cc65/lib/vic20.lib(_directerrno.o):
    CODE              Offs=000143  Size=00000A  Align=00001  Fill=0000
/usr/local/share/cc65/lib/vic20.lib(_file.o):
    DATA              Offs=00001E  Size=00001E  Align=00001  Fill=0000
/usr/local/share/cc65/lib/vic20.lib(_hextab.o):
    RODATA            Offs=000011  Size=000010  Align=00001  Fill=0000
/usr/local/share/cc65/lib/vic20.lib(_longminstr.o):
    RODATA            Offs=000021  Size=00000C  Align=00001  Fill=0000
/usr/local/share/cc65/lib/vic20.lib(_mappederrno.o):
    CODE              Offs=00014D  Size=000010  Align=00001  Fill=0000
/usr/local/share/cc65/lib/vic20.lib(_oserror.o):
    BSS               Offs=000000  Size=000001  Align=00001  Fill=0000
/usr/local/share/cc65/lib/vic20.lib(_printf.o):
    CODE              Offs=00015D  Size=0003A2  Align=00001  Fill=0000
    BSS               Offs=000001  Size=00002B  Align=00001  Fill=0000
    DATA              Offs=00003C  Size=000003  Align=00001  Fill=0000
/usr/local/share/cc65/lib/vic20.lib(_seterrno.o):
    CODE              Offs=0004FF  Size=000009  Align=00001  Fill=0000
/usr/local/share/cc65/lib/vic20.lib(addysp.o):
    CODE              Offs=000508  Size=00000E  Align=00001  Fill=0000
/usr/local/share/cc65/lib/vic20.lib(axlong.o):
    CODE              Offs=000516  Size=00000D  Align=00001  Fill=0000
/usr/local/share/cc65/lib/vic20.lib(callmain.o):
    CODE              Offs=000523  Size=000017  Align=00001  Fill=0000
    DATA              Offs=00003F  Size=000004  Align=00001  Fill=0000
/usr/local/share/cc65/lib/vic20.lib(condes.o):
    CODE              Offs=00053A  Size=00000C  Align=00001  Fill=0000
    DATA              Offs=000043  Size=000025  Align=00001  Fill=0000
    ONCE              Offs=000000  Size=00000C  Align=00001  Fill=0000
/usr/local/share/cc65/lib/vic20.lib(crt0.o):
    BSS               Offs=00002C  Size=000001  Align=00001  Fill=0000
    STARTUP           Offs=000000  Size=00003A  Align=00001  Fill=0000
    INIT              Offs=000000  Size=00001A  Align=00001  Fill=0000
/usr/local/share/cc65/lib/vic20.lib(ctype.o):
    RODATA            Offs=00002D  Size=00008B  Align=00001  Fill=0000
/usr/local/share/cc65/lib/vic20.lib(ctypemask.o):
    CODE              Offs=000546  Size=00001E  Align=00001  Fill=0000
/usr/local/share/cc65/lib/vic20.lib(decsp4.o):
    CODE              Offs=000564  Size=00000D  Align=00001  Fill=0000
/usr/local/share/cc65/lib/vic20.lib(decsp6.o):
    CODE              Offs=000571  Size=00000D  Align=00001  Fill=0000
/usr/local/share/cc65/lib/vic20.lib(errno.o):
    BSS               Offs=00002D  Size=000002  Align=00001  Fill=0000
/usr/local/share/cc65/lib/vic20.lib(exehdr.o):
    EXEHDR            Offs=000000  Size=00000C  Align=00001  Fill=0000
/usr/local/share/cc65/lib/vic20.lib(filedes.o):
    CODE              Offs=00057E  Size=00000E  Align=00001  Fill=0000
    DATA              Offs=000068  Size=000010  Align=00001  Fill=0000
/usr/local/share/cc65/lib/vic20.lib(fwrite.o):
    CODE              Offs=00058C  Size=000079  Align=00001  Fill=0000
    BSS               Offs=00002F  Size=000002  Align=00001  Fill=0000
/usr/local/share/cc65/lib/vic20.lib(incsp2.o):
    CODE              Offs=000605  Size=000016  Align=00001  Fill=0000
/usr/local/share/cc65/lib/vic20.lib(incsp3.o):
    CODE              Offs=00061B  Size=000005  Align=00001  Fill=0000
/usr/local/share/cc65/lib/vic20.lib(incsp6.o):
    CODE              Offs=000620  Size=000005  Align=00001  Fill=0000
/usr/local/share/cc65/lib/vic20.lib(kernal.o):
/usr/local/share/cc65/lib/vic20.lib(ldaxsp.o):
    CODE              Offs=000625  Size=000009  Align=00001  Fill=0000
/usr/local/share/cc65/lib/vic20.lib(lneg.o):
    CODE              Offs=00062E  Size=00001E  Align=00001  Fill=0000
/usr/local/share/cc65/lib/vic20.lib(loadaddr.o):
    LOADADDR          Offs=000000  Size=000002  Align=00001  Fill=0000
/usr/local/share/cc65/lib/vic20.lib(lpush.o):
    CODE              Offs=00064C  Size=000021  Align=00001  Fill=0000
/usr/local/share/cc65/lib/vic20.lib(ltoa.o):
    CODE              Offs=00066D  Size=000095  Align=00001  Fill=0000
/usr/local/share/cc65/lib/vic20.lib(mainargs.o):
    DATA              Offs=000078  Size=000016  Align=00001  Fill=0000
    ONCE              Offs=00000C  Size=000069  Align=00001  Fill=0000
    INIT              Offs=00001A  Size=000012  Align=00001  Fill=0000
/usr/local/share/cc65/lib/vic20.lib(mul.o):
    CODE              Offs=000702  Size=000045  Align=00001  Fill=0000
/usr/local/share/cc65/lib/vic20.lib(mul8.o):
    CODE              Offs=000747  Size=00003A  Align=00001  Fill=0000
/usr/local/share/cc65/lib/vic20.lib(oserror.o):
    CODE              Offs=000781  Size=000016  Align=00001  Fill=0000
    RODATA            Offs=0000B8  Size=00005A  Align=00001  Fill=0000
/usr/local/share/cc65/lib/vic20.lib(popptr1.o):
    CODE              Offs=000797  Size=00000E  Align=00001  Fill=0000
/usr/local/share/cc65/lib/vic20.lib(printf.o):
    CODE              Offs=0007A5  Size=000033  Align=00001  Fill=0000
    BSS               Offs=000031  Size=000001  Align=00001  Fill=0000
/usr/local/share/cc65/lib/vic20.lib(push1.o):
    CODE              Offs=0007D8  Size=000005  Align=00001  Fill=0000
/usr/local/share/cc65/lib/vic20.lib(pushax.o):
    CODE              Offs=0007DD  Size=00001A  Align=00001  Fill=0000
/usr/local/share/cc65/lib/vic20.lib(pushwsp.o):
    CODE              Offs=0007F7  Size=00001C  Align=00001  Fill=0000
/usr/local/share/cc65/lib/vic20.lib(rwcommon.o):
    CODE              Offs=000813  Size=00001A  Align=00001  Fill=0000
/usr/local/share/cc65/lib/vic20.lib(status.o):
/usr/local/share/cc65/lib/vic20.lib(strlen.o):
    CODE              Offs=00082D  Size=000016  Align=00001  Fill=0000
/usr/local/share/cc65/lib/vic20.lib(strlower.o):
    CODE              Offs=000843  Size=000027  Align=00001  Fill=0000
/usr/local/share/cc65/lib/vic20.lib(udiv.o):
    CODE              Offs=00086A  Size=00004F  Align=00001  Fill=0000
/usr/local/share/cc65/lib/vic20.lib(vfprintf.o):
    CODE              Offs=0008B9  Size=000061  Align=00001  Fill=0000
    DATA              Offs=00008E  Size=000008  Align=00001  Fill=0000
/usr/local/share/cc65/lib/vic20.lib(write.o):
    CODE              Offs=00091A  Size=000052  Align=00001  Fill=0000
    ONCE              Offs=000075  Size=000011  Align=00001  Fill=0000
/usr/local/share/cc65/lib/vic20.lib(zerobss.o):
    CODE              Offs=00096C  Size=000023  Align=00001  Fill=0000
/usr/local/share/cc65/lib/vic20.lib(zeropage.o):
    ZEROPAGE          Offs=00000E  Size=00001A  Align=00001  Fill=0000


Segment list:
-------------
Name                   Start     End    Size  Align
----------------------------------------------------
ZEROPAGE              000000  000027  000028  00001
LOCALBSS2             000400  000B4F  000750  00001
LOADADDR              0011FF  001200  000002  00001
EXEHDR                001201  00120C  00000C  00001
STARTUP               002000  002039  00003A  00001
ONCE                  00203A  0020C3  00008A  00001
PRGSTART              0020C4  0020C7  000004  00001
LIB                   0020C8  00222A  000163  00001
KERNEL                00222B  00311C  000EF2  00001
KERNELDATA            00311D  003561  000445  00001
MACHDEPDATA           003562  00373E  0001DD  00001
RODATA                00373F  003850  000112  00001
DATA                  003851  0038E6  000096  00001
GLOBALBSS             0038E7  004261  00097B  00001
CODE                  004415  004DA3  00098F  00001
TESTS                 004DA4  00568A  0008E7  00001
INIT                  00568B  0056B6  00002C  00001
BSS                   0056B7  0056E8  000032  00001
LOCALCODE             009800  0099B2  0001B3  00001
LOCALBSS              0099B3  009ACF  00011D  00001
ULTIMEM               009FF0  009FFF  000010  00001


Exports list by name:
---------------------
BSOUT                     00FFD2 RLA    CKOUT                     00FFC9 RLA    
CLRCH                     00FFCC RLA    OPEN                      00FFC0 RLA    
READST                    00FFB7 RLA    SETLFS                    00FFBA RLA    
ST                        000090 RLZ    __BSS_RUN__               0056B7 RLA    
__BSS_SIZE__              000032 REA    __CONSTRUCTOR_COUNT__     000002 REA    
__CONSTRUCTOR_TABLE__     0020C0 RLA    __DESTRUCTOR_COUNT__      000000 REA    
__DESTRUCTOR_TABLE__      003851 RLA    __EXEHDR__                000001 REA    
__GLOBALBSS_RUN__         0038E7 RLA    __GLOBALBSS_SIZE__        00097B REA    
__LOADADDR__              000001 REA    __LOCALBSS2_RUN__         000400 RLA    
__LOCALBSS2_SIZE__        000750 REA    __LOCALBSS_RUN__          0099B3 RLA    
__LOCALBSS_SIZE__         00011D REA    __LOCALCODE_LOAD__        004262 RLA    
__LOCALCODE_RUN__         009800 RLA    __LOCALCODE_SIZE__        0001B3 REA    
__MAIN_SIZE__             003F00 REA    __MAIN_START__            002000 RLA    
__STACKSIZE__             000100 REA    __STARTUP_RUN__           002000 RLA    
__STARTUP__               000001 REA    __ULTIMEM_SIZE__          000010 REA    
___directerrno            004558 RLA    ___errno                  0056E4 RLA    
___mappederrno            004562 RLA    ___oserror                0056B7 RLA    
___osmaperrno             004B96 RLA    ___seterrno               004914 RLA    
__argc                    003890 RLA    __argv                    003892 RLA    
__ctype                   00376C RLA    __ctypeidx                003777 RLA    
__hextab                  003750 RLA    __longminstr              003760 RLA    
__printf                  004663 RLA    _fwrite                   0049A1 RLA    
_ltoa                     004A9A RLA    _main                     004416 RLA    
_printf                   004BBA RLA    _stdout                   003889 RLA    
_strlen                   004C42 RLA    _strlower                 004C58 RLA    
_tunix                    002E8A REA    _ultoa                    004ADB RLA    
_vfprintf                 004D06 RLA    _write                    004D2F RLA    
addysp                    00491E RLA    axlong                    00492B RLA    
axulong                   004931 RLA    callmain                  004938 RLA    
ctypemaskdirect           00495F RLA    decsp4                    004979 RLA    
decsp6                    004986 RLA    donelib                   00494F RLA    
fdtab                     0038B9 RLA    incsp2                    004A22 RLA    
incsp3                    004A30 RLA    incsp6                    004A35 RLA    
initlib                   00203A RLA    initmainargs              002046 RLAI   
initstdout                0020AF  LAI   ldaxysp                   004A3C RLA    
lib_exit                  004498 RLA    lib_fork                  004486 RLA    
lib_getpid                004474 RLA    lib_iopage_alloc          004520 RLA    
lib_iopage_commit         004532 RLA    lib_iopage_free           004545 RLA    
lib_kill                  0044AB RLA    lib_proc_info             00450D RLA    
lib_schedule              00442E RLA    lib_wait                  0044E7 RLA    
mul8x16                   004B5E RLA    mul8x16a                  004B68 RLA    
negeax                    004A43 RLA    popax                     004A1A RLA    
popptr1                   004BAC RLA    ptr1                      000016 RLZ    
ptr2                      000018 RLZ    ptr3                      00001A RLZ    
ptr4                      00001C RLZ    push1                     004BED RLA    
pusha0                    004BF4 RLA    pushax                    004BF6 RLA    
pusheax                   004A6A RLA    pushwysp                  004C0E RLA    
regbank                   000022 RLZ    rwcommon                  004C28 RLA    
sp                        00000E RLZ    sreg                      000010 RLZ    
tmp1                      00001E RLZ    tmp2                      00001F RLZ    
tosudivax                 004C81 RLA    tosumulax                 004B17 RLA    
zerobss                   004D81 RLA    


Exports list by value:
----------------------
__DESTRUCTOR_COUNT__      000000 REA    __EXEHDR__                000001 REA    
__LOADADDR__              000001 REA    __STARTUP__               000001 REA    
__CONSTRUCTOR_COUNT__     000002 REA    sp                        00000E RLZ    
__ULTIMEM_SIZE__          000010 REA    sreg                      000010 RLZ    
ptr1                      000016 RLZ    ptr2                      000018 RLZ    
ptr3                      00001A RLZ    ptr4                      00001C RLZ    
tmp1                      00001E RLZ    tmp2                      00001F RLZ    
regbank                   000022 RLZ    __BSS_SIZE__              000032 REA    
ST                        000090 RLZ    __STACKSIZE__             000100 REA    
__LOCALBSS_SIZE__         00011D REA    __LOCALCODE_SIZE__        0001B3 REA    
__LOCALBSS2_RUN__         000400 RLA    __LOCALBSS2_SIZE__        000750 REA    
__GLOBALBSS_SIZE__        00097B REA    __MAIN_START__            002000 RLA    
__STARTUP_RUN__           002000 RLA    initlib                   00203A RLA    
initmainargs              002046 RLAI   initstdout                0020AF  LAI   
__CONSTRUCTOR_TABLE__     0020C0 RLA    _tunix                    002E8A REA    
__hextab                  003750 RLA    __longminstr              003760 RLA    
__ctype                   00376C RLA    __ctypeidx                003777 RLA    
__DESTRUCTOR_TABLE__      003851 RLA    _stdout                   003889 RLA    
__argc                    003890 RLA    __argv                    003892 RLA    
fdtab                     0038B9 RLA    __GLOBALBSS_RUN__         0038E7 RLA    
__MAIN_SIZE__             003F00 REA    __LOCALCODE_LOAD__        004262 RLA    
_main                     004416 RLA    lib_schedule              00442E RLA    
lib_getpid                004474 RLA    lib_fork                  004486 RLA    
lib_exit                  004498 RLA    lib_kill                  0044AB RLA    
lib_wait                  0044E7 RLA    lib_proc_info             00450D RLA    
lib_iopage_alloc          004520 RLA    lib_iopage_commit         004532 RLA    
lib_iopage_free           004545 RLA    ___directerrno            004558 RLA    
___mappederrno            004562 RLA    __printf                  004663 RLA    
___seterrno               004914 RLA    addysp                    00491E RLA    
axlong                    00492B RLA    axulong                   004931 RLA    
callmain                  004938 RLA    donelib                   00494F RLA    
ctypemaskdirect           00495F RLA    decsp4                    004979 RLA    
decsp6                    004986 RLA    _fwrite                   0049A1 RLA    
popax                     004A1A RLA    incsp2                    004A22 RLA    
incsp3                    004A30 RLA    incsp6                    004A35 RLA    
ldaxysp                   004A3C RLA    negeax                    004A43 RLA    
pusheax                   004A6A RLA    _ltoa                     004A9A RLA    
_ultoa                    004ADB RLA    tosumulax                 004B17 RLA    
mul8x16                   004B5E RLA    mul8x16a                  004B68 RLA    
___osmaperrno             004B96 RLA    popptr1                   004BAC RLA    
_printf                   004BBA RLA    push1                     004BED RLA    
pusha0                    004BF4 RLA    pushax                    004BF6 RLA    
pushwysp                  004C0E RLA    rwcommon                  004C28 RLA    
_strlen                   004C42 RLA    _strlower                 004C58 RLA    
tosudivax                 004C81 RLA    _vfprintf                 004D06 RLA    
_write                    004D2F RLA    zerobss                   004D81 RLA    
__BSS_RUN__               0056B7 RLA    ___oserror                0056B7 RLA    
___errno                  0056E4 RLA    __LOCALCODE_RUN__         009800 RLA    
__LOCALBSS_RUN__          0099B3 RLA    READST                    00FFB7 RLA    
SETLFS                    00FFBA RLA    OPEN                      00FFC0 RLA    
CKOUT                     00FFC9 RLA    CLRCH                     00FFCC RLA    
BSOUT                     00FFD2 RLA    


Imports list:
-------------
BSOUT (kernal.o):
    write.o                   cbm/cbm.inc:49
    crt0.o                    vic20/crt0.s:10
CKOUT (kernal.o):
    write.o                   cbm/cbm.inc:45
CLRCH (kernal.o):
    write.o                   cbm/cbm.inc:46
OPEN (kernal.o):
    write.o                   cbm/cbm.inc:35
READST (kernal.o):
    write.o                   cbm/cbm.inc:32
SETLFS (kernal.o):
    write.o                   cbm/cbm.inc:33
ST (status.o):
    crt0.o                    vic20/crt0.s:13
__BSS_RUN__ ([linker generated]):
    zerobss.o                 common/zerobss.s:8
__BSS_SIZE__ ([linker generated]):
    zerobss.o                 common/zerobss.s:8
__CONSTRUCTOR_COUNT__ ([linker generated]):
    condes.o                  runtime/condes.s:18
__CONSTRUCTOR_TABLE__ ([linker generated]):
    condes.o                  runtime/condes.s:18
__DESTRUCTOR_COUNT__ ([linker generated]):
    condes.o                  runtime/condes.s:19
__DESTRUCTOR_TABLE__ ([linker generated]):
    condes.o                  runtime/condes.s:19
__EXEHDR__ (exehdr.o):
    [linker generated]        vic.cfg:3
__GLOBALBSS_RUN__ ([linker generated]):
    main.o                    main.asm:40
__GLOBALBSS_SIZE__ ([linker generated]):
    main.o                    main.asm:41
__LOADADDR__ (loadaddr.o):
    [linker generated]        vic.cfg:2
__LOCALBSS2_RUN__ ([linker generated]):
    main.o                    main.asm:47
__LOCALBSS2_SIZE__ ([linker generated]):
    main.o                    main.asm:48
__LOCALBSS_RUN__ ([linker generated]):
    main.o                    main.asm:45
__LOCALBSS_SIZE__ ([linker generated]):
    main.o                    main.asm:46
__LOCALCODE_LOAD__ ([linker generated]):
    main.o                    main.asm:42
__LOCALCODE_RUN__ ([linker generated]):
    main.o                    main.asm:43
__LOCALCODE_SIZE__ ([linker generated]):
    main.o                    main.asm:44
__MAIN_SIZE__ ([linker generated]):
    crt0.o                    vic20/crt0.s:11
__MAIN_START__ ([linker generated]):
    crt0.o                    vic20/crt0.s:11
__STACKSIZE__ ([linker generated]):
    crt0.o                    vic20/crt0.s:12
    [linker generated]        vic.cfg:12
__STARTUP_RUN__ ([linker generated]):
    main.o                    main.asm:12
__STARTUP__ (crt0.o):
    start.o                   start.s:13
__ULTIMEM_SIZE__ ([linker generated]):
    main.o                    main.asm:49
___directerrno (_directerrno.o):
    write.o                   /home/pixel/Desktop/3rd-party/lang/cc65/asminc/errno.inc:10
___errno (errno.o):
    _seterrno.o               /home/pixel/Desktop/3rd-party/lang/cc65/asminc/errno.inc:7
___mappederrno (_mappederrno.o):
    write.o                   /home/pixel/Desktop/3rd-party/lang/cc65/asminc/errno.inc:10
___oserror (_oserror.o):
    _mappederrno.o            /home/pixel/Desktop/3rd-party/lang/cc65/asminc/errno.inc:7
    _directerrno.o            /home/pixel/Desktop/3rd-party/lang/cc65/asminc/errno.inc:7
    write.o                   /home/pixel/Desktop/3rd-party/lang/cc65/asminc/errno.inc:7
___osmaperrno (oserror.o):
    _mappederrno.o            /home/pixel/Desktop/3rd-party/lang/cc65/asminc/errno.inc:8
___seterrno (_seterrno.o):
    _mappederrno.o            /home/pixel/Desktop/3rd-party/lang/cc65/asminc/errno.inc:9
    _directerrno.o            /home/pixel/Desktop/3rd-party/lang/cc65/asminc/errno.inc:9
    fwrite.o                  /home/pixel/Desktop/3rd-party/lang/cc65/asminc/errno.inc:9
__argc (callmain.o):
    mainargs.o                vic20/mainargs.s:26
__argv (callmain.o):
    mainargs.o                vic20/mainargs.s:26
__ctype (ctype.o):
    ctypemask.o               common/ctypemask.s:23
__ctypeidx (ctype.o):
    ctypemask.o               common/ctypemask.s:24
__hextab (_hextab.o):
    ltoa.o                    common/ltoa.s:10
__longminstr (_longminstr.o):
    ltoa.o                    common/ltoa.s:10
__printf (_printf.o):
    vfprintf.o                common/vfprintf.s:10
_fwrite (fwrite.o):
    vfprintf.o                common/vfprintf.s:10
_ltoa (ltoa.o):
    _printf.o                 common/_printf.s:12
_main (start.o):
    callmain.o                runtime/callmain.s:11
_printf (printf.o):
    start.o                   start.s:15
_stdout (_file.o):
    printf.o                  common/printf.s:8
_strlen (strlen.o):
    _printf.o                 common/_printf.s:13
_strlower (strlower.o):
    _printf.o                 common/_printf.s:13
_tunix (main.o):
    start.o                   start.s:16
_ultoa (ltoa.o):
    _printf.o                 common/_printf.s:12
_vfprintf (vfprintf.o):
    printf.o                  common/printf.s:8
_write (write.o):
    fwrite.o                  common/fwrite.s:10
addysp (addysp.o):
    incsp6.o                  runtime/incsp6.s:8
    fwrite.o                  common/fwrite.s:11
    printf.o                  common/printf.s:8
    incsp3.o                  runtime/incsp3.s:8
axlong (axlong.o):
    _printf.o                 common/_printf.s:11
axulong (axlong.o):
    _printf.o                 common/_printf.s:11
callmain (callmain.o):
    crt0.o                    vic20/crt0.s:9
ctypemaskdirect (ctypemask.o):
    strlower.o                common/strlower.s:14
decsp4 (decsp4.o):
    lpush.o                   runtime/lpush.s:12
decsp6 (decsp6.o):
    _printf.o                 common/_printf.s:11
donelib (condes.o):
    crt0.o                    vic20/crt0.s:7
fdtab (filedes.o):
    write.o                   cbm/filedes.inc:7
incsp2 (incsp2.o):
    popptr1.o                 runtime/popptr1.s:8
incsp3 (incsp3.o):
    start.o                   start.s:62
incsp6 (incsp6.o):
    fwrite.o                  common/fwrite.s:11
    vfprintf.o                common/vfprintf.s:9
initlib (condes.o):
    crt0.o                    vic20/crt0.s:7
initmainargs (mainargs.o):
    start.o                   start.s:14
ldaxysp (ldaxsp.o):
    fwrite.o                  common/fwrite.s:11
lib_exit (main.o):
    main.o                    main.asm:62
lib_fork (main.o):
    main.o                    main.asm:61
lib_getpid (main.o):
    main.o                    main.asm:60
lib_iopage_alloc (main.o):
    main.o                    main.asm:65
lib_iopage_commit (main.o):
    main.o                    main.asm:66
lib_iopage_free (main.o):
    main.o                    main.asm:67
lib_kill (main.o):
    main.o                    main.asm:63
lib_proc_info (main.o):
    main.o                    main.asm:69
lib_schedule (main.o):
    main.o                    main.asm:59
lib_wait (main.o):
    main.o                    main.asm:64
mul8x16 (mul8.o):
    mul.o                     runtime/mul.s:8
mul8x16a (mul8.o):
    mul.o                     runtime/mul.s:8
negeax (lneg.o):
    ltoa.o                    common/ltoa.s:9
popax (incsp2.o):
    rwcommon.o                cbm/rwcommon.s:9
    ltoa.o                    common/ltoa.s:9
    _printf.o                 common/_printf.s:11
popptr1 (popptr1.o):
    rwcommon.o                cbm/rwcommon.s:9
    udiv.o                    runtime/udiv.s:9
    mul8.o                    runtime/mul8.s:9
    mul.o                     runtime/mul.s:9
    ltoa.o                    common/ltoa.s:9
ptr1 (zeropage.o):
    write.o                   cbm/write.s:11
    udiv.o                    runtime/udiv.s:10
    strlower.o                common/strlower.s:13
    popptr1.o                 runtime/popptr1.s:9
    mul8.o                    runtime/mul8.s:10
    mul.o                     runtime/mul.s:10
    ltoa.o                    common/ltoa.s:11
    fwrite.o                  common/fwrite.s:14
    _printf.o                 /home/pixel/Desktop/3rd-party/lang/cc65/asminc/zeropage.inc:12
    zerobss.o                 common/zerobss.s:9
    vfprintf.o                common/vfprintf.s:11
    printf.o                  common/printf.s:9
ptr2 (zeropage.o):
    rwcommon.o                cbm/rwcommon.s:10
    write.o                   cbm/write.s:11
    strlower.o                common/strlower.s:13
    ltoa.o                    common/ltoa.s:11
    _printf.o                 /home/pixel/Desktop/3rd-party/lang/cc65/asminc/zeropage.inc:12
ptr3 (zeropage.o):
    rwcommon.o                cbm/rwcommon.s:10
    write.o                   cbm/write.s:11
    ltoa.o                    common/ltoa.s:11
ptr4 (zeropage.o):
    udiv.o                    runtime/udiv.s:10
    strlen.o                  common/strlen.s:12
    mul8.o                    runtime/mul8.s:10
    mul.o                     runtime/mul.s:10
push1 (push1.o):
    _printf.o                 common/_printf.s:11
    vfprintf.o                common/vfprintf.s:9
pusha0 (pushax.o):
    push1.o                   runtime/push1.s:8
    fwrite.o                  common/fwrite.s:11
pushax (pushax.o):
    fwrite.o                  common/fwrite.s:11
    callmain.o                runtime/callmain.s:11
    _printf.o                 common/_printf.s:11
    printf.o                  common/printf.s:8
    start.o                   start.s:62
pusheax (lpush.o):
    _printf.o                 common/_printf.s:11
pushwysp (pushwsp.o):
    fwrite.o                  common/fwrite.s:11
    vfprintf.o                common/vfprintf.s:9
regbank (zeropage.o):
    _printf.o                 /home/pixel/Desktop/3rd-party/lang/cc65/asminc/zeropage.inc:14
rwcommon (rwcommon.o):
    write.o                   cbm/write.s:10
sp (zeropage.o):
    decsp4.o                  runtime/decsp4.s:8
    pushwsp.o                 runtime/pushwsp.s:8
    popptr1.o                 runtime/popptr1.s:9
    lpush.o                   runtime/lpush.s:13
    ldaxsp.o                  runtime/ldaxsp.s:8
    incsp2.o                  runtime/incsp2.s:8
    decsp6.o                  runtime/decsp6.s:8
    addysp.o                  runtime/addysp.s:8
    _printf.o                 /home/pixel/Desktop/3rd-party/lang/cc65/asminc/zeropage.inc:11
    vfprintf.o                common/vfprintf.s:11
    pushax.o                  runtime/pushax.s:8
    printf.o                  common/printf.s:9
    crt0.o                    /home/pixel/Desktop/3rd-party/lang/cc65/asminc/zeropage.inc:11
sreg (zeropage.o):
    lneg.o                    runtime/lneg.s:11
    udiv.o                    runtime/udiv.s:10
    ltoa.o                    common/ltoa.s:11
    lpush.o                   runtime/lpush.s:13
    axlong.o                  runtime/axlong.s:9
    _printf.o                 /home/pixel/Desktop/3rd-party/lang/cc65/asminc/zeropage.inc:11
tmp1 (zeropage.o):
    mul.o                     runtime/mul.s:10
    ltoa.o                    common/ltoa.s:11
    _printf.o                 /home/pixel/Desktop/3rd-party/lang/cc65/asminc/zeropage.inc:13
tmp2 (zeropage.o):
    rwcommon.o                cbm/rwcommon.s:10
tosudivax (udiv.o):
    fwrite.o                  common/fwrite.s:12
tosumulax (mul.o):
    fwrite.o                  common/fwrite.s:12
zerobss (zerobss.o):
    crt0.o                    vic20/crt0.s:8

