Modules list:
-------------
main.o:
    CODE              Offs=000000  Size=000003  Align=00001  Fill=0000
    ZEROPAGE          Offs=000000  Size=00000E  Align=00001  Fill=0000
    ULTIMEM           Offs=000000  Size=000010  Align=00001  Fill=0000
    GLOBALBSS         Offs=000000  Size=000977  Align=00001  Fill=0000
    LOCALBSS          Offs=000000  Size=00011D  Align=00001  Fill=0000
    LOCALBSS2         Offs=000000  Size=000750  Align=00001  Fill=0000
    LIB               Offs=000000  Size=00015A  Align=00001  Fill=0000
    KERNEL            Offs=000000  Size=000C61  Align=00001  Fill=0000
    KERNELDATA        Offs=000000  Size=0003D5  Align=00001  Fill=0000
    MACHDEPDATA       Offs=000000  Size=00002A  Align=00001  Fill=0000
    MACHDEP           Offs=000000  Size=000142  Align=00001  Fill=0000
    LOCALCODE         Offs=000000  Size=000241  Align=00001  Fill=0000
    TESTS             Offs=000000  Size=000767  Align=00001  Fill=0000
../lib/tunix/libtunix.a(main.o):
    CODE              Offs=000003  Size=000102  Align=00001  Fill=0000
    DATA              Offs=000000  Size=00001A  Align=00001  Fill=0000
/usr/local/share/cc65/lib/vic20.lib(exehdr.o):
    EXEHDR            Offs=000000  Size=00000C  Align=00001  Fill=0000
/usr/local/share/cc65/lib/vic20.lib(loadaddr.o):
    LOADADDR          Offs=000000  Size=000002  Align=00001  Fill=0000


Segment list:
-------------
Name                   Start     End    Size  Align
----------------------------------------------------
ZEROPAGE              000000  00000D  00000E  00001
LOCALBSS2             000400  000B4F  000750  00001
LOADADDR              0011FF  001200  000002  00001
EXEHDR                001201  00120C  00000C  00001
CODE                  002000  002104  000105  00001
LIB                   002105  00225E  00015A  00001
KERNEL                00225F  002EBF  000C61  00001
MACHDEP               002EC0  003001  000142  00001
KERNELDATA            003002  0033D6  0003D5  00001
MACHDEPDATA           0033D7  003400  00002A  00001
DATA                  003401  00341A  00001A  00001
GLOBALBSS             00341B  003D91  000977  00001
TESTS                 004000  004766  000767  00001
LOCALCODE             009800  009A40  000241  00001
LOCALBSS              009A41  009B5D  00011D  00001
ULTIMEM               009FF0  009FFF  000010  00001


Exports list by name:
---------------------
__EXEHDR__                000001 REA    __GLOBALBSS_RUN__         00341B RLA    
__GLOBALBSS_SIZE__        000977 REA    __LOADADDR__              000001 REA    
__LOCALBSS2_RUN__         000400 RLA    __LOCALBSS2_SIZE__        000750 REA    
__LOCALBSS_RUN__          009A41 RLA    __LOCALBSS_SIZE__         00011D REA    
__LOCALCODE_LOAD__        003D92 RLA    __LOCALCODE_RUN__         009800 RLA    
__LOCALCODE_SIZE__        000241 REA    __TESTS_LOAD__            003FD3 RLA    
__TESTS_RUN__             004000 RLA    __TESTS_SIZE__            000767 REA    
__ULTIMEM_SIZE__          000010 REA    lib_exit                  002046 RLA    
lib_fork                  002034 RLA    lib_getpid                002022 RLA    
lib_iopage_alloc          0020CD RLA    lib_iopage_commit         0020DF RLA    
lib_iopage_free           0020F2 RLA    lib_kill                  002059 RLA    
lib_proc_info             0020BA RLA    lib_proc_list             0020A8 RLA    
lib_wait                  002095 RLA    


Exports list by value:
----------------------
__EXEHDR__                000001 REA    __LOADADDR__              000001 REA    
__ULTIMEM_SIZE__          000010 REA    __LOCALBSS_SIZE__         00011D REA    
__LOCALCODE_SIZE__        000241 REA    __LOCALBSS2_RUN__         000400 RLA    
__LOCALBSS2_SIZE__        000750 REA    __TESTS_SIZE__            000767 REA    
__GLOBALBSS_SIZE__        000977 REA    lib_getpid                002022 RLA    
lib_fork                  002034 RLA    lib_exit                  002046 RLA    
lib_kill                  002059 RLA    lib_wait                  002095 RLA    
lib_proc_list             0020A8 RLA    lib_proc_info             0020BA RLA    
lib_iopage_alloc          0020CD RLA    lib_iopage_commit         0020DF RLA    
lib_iopage_free           0020F2 RLA    __GLOBALBSS_RUN__         00341B RLA    
__LOCALCODE_LOAD__        003D92 RLA    __TESTS_LOAD__            003FD3 RLA    
__TESTS_RUN__             004000 RLA    __LOCALCODE_RUN__         009800 RLA    
__LOCALBSS_RUN__          009A41 RLA    


Imports list:
-------------
__EXEHDR__ (exehdr.o):
    [linker generated]        vic.cfg:3
__GLOBALBSS_RUN__ ([linker generated]):
    main.o                    main.asm:31
__GLOBALBSS_SIZE__ ([linker generated]):
    main.o                    main.asm:32
__LOADADDR__ (loadaddr.o):
    [linker generated]        vic.cfg:2
__LOCALBSS2_RUN__ ([linker generated]):
    main.o                    main.asm:38
__LOCALBSS2_SIZE__ ([linker generated]):
    main.o                    main.asm:39
__LOCALBSS_RUN__ ([linker generated]):
    main.o                    main.asm:36
__LOCALBSS_SIZE__ ([linker generated]):
    main.o                    main.asm:37
__LOCALCODE_LOAD__ ([linker generated]):
    main.o                    main.asm:33
__LOCALCODE_RUN__ ([linker generated]):
    main.o                    main.asm:34
__LOCALCODE_SIZE__ ([linker generated]):
    main.o                    main.asm:35
__TESTS_LOAD__ ([linker generated]):
    main.o                    main.asm:28
__TESTS_RUN__ ([linker generated]):
    main.o                    main.asm:29
__TESTS_SIZE__ ([linker generated]):
    main.o                    main.asm:30
__ULTIMEM_SIZE__ ([linker generated]):
    main.o                    main.asm:40
lib_exit (main.o):
    main.o                    main.asm:47
lib_fork (main.o):
    main.o                    main.asm:46
lib_getpid (main.o):
    main.o                    main.asm:45
lib_iopage_alloc (main.o):
    main.o                    main.asm:50
lib_iopage_commit (main.o):
    main.o                    main.asm:51
lib_iopage_free (main.o):
    main.o                    main.asm:52
lib_kill (main.o):
    main.o                    main.asm:48
lib_proc_info (main.o):
    main.o                    main.asm:54
lib_proc_list (main.o):
    main.o                    main.asm:53
lib_wait (main.o):
    main.o                    main.asm:49

