Modules list:
-------------
main.o:
    ZEROPAGE          Offs=000000  Size=00000E  Align=00001  Fill=0000
    PRGSTART          Offs=000000  Size=000004  Align=00001  Fill=0000
    ULTIMEM           Offs=000000  Size=000010  Align=00001  Fill=0000
    GLOBALBSS         Offs=000000  Size=00097B  Align=00001  Fill=0000
    LOCALBSS          Offs=000000  Size=00011D  Align=00001  Fill=0000
    LOCALBSS2         Offs=000000  Size=000750  Align=00001  Fill=0000
    LIB               Offs=000000  Size=000163  Align=00001  Fill=0000
    KERNEL            Offs=000000  Size=000D8C  Align=00001  Fill=0000
    KERNELDATA        Offs=000000  Size=00040F  Align=00001  Fill=0000
    MACHDEPDATA       Offs=000000  Size=00002A  Align=00001  Fill=0000
    MACHDEP           Offs=000000  Size=000190  Align=00001  Fill=0000
    LOCALCODE         Offs=000000  Size=0001B1  Align=00001  Fill=0000
    TESTS             Offs=000000  Size=000912  Align=00001  Fill=0000
start.o:
    CODE              Offs=000000  Size=000019  Align=00001  Fill=0000
    RODATA            Offs=000000  Size=000011  Align=00001  Fill=0000
../lib/tunix/libtunix.a(main.o):
    CODE              Offs=000019  Size=000124  Align=00001  Fill=0000
    DATA              Offs=000000  Size=00001E  Align=00001  Fill=0000
/usr/local/share/cc65/lib/vic20.lib(_directerrno.o):
    CODE              Offs=00013D  Size=00000A  Align=00001  Fill=0000
/usr/local/share/cc65/lib/vic20.lib(_file.o):
    DATA              Offs=00001E  Size=00001E  Align=00001  Fill=0000
/usr/local/share/cc65/lib/vic20.lib(_hextab.o):
    RODATA            Offs=000011  Size=000010  Align=00001  Fill=0000
/usr/local/share/cc65/lib/vic20.lib(_longminstr.o):
    RODATA            Offs=000021  Size=00000C  Align=00001  Fill=0000
/usr/local/share/cc65/lib/vic20.lib(_mappederrno.o):
    CODE              Offs=000147  Size=000010  Align=00001  Fill=0000
/usr/local/share/cc65/lib/vic20.lib(_oserror.o):
    BSS               Offs=000000  Size=000001  Align=00001  Fill=0000
/usr/local/share/cc65/lib/vic20.lib(_printf.o):
    CODE              Offs=000157  Size=0003A2  Align=00001  Fill=0000
    BSS               Offs=000001  Size=00002B  Align=00001  Fill=0000
    DATA              Offs=00003C  Size=000003  Align=00001  Fill=0000
/usr/local/share/cc65/lib/vic20.lib(_seterrno.o):
    CODE              Offs=0004F9  Size=000009  Align=00001  Fill=0000
/usr/local/share/cc65/lib/vic20.lib(addysp.o):
    CODE              Offs=000502  Size=00000E  Align=00001  Fill=0000
/usr/local/share/cc65/lib/vic20.lib(axlong.o):
    CODE              Offs=000510  Size=00000D  Align=00001  Fill=0000
/usr/local/share/cc65/lib/vic20.lib(callmain.o):
    CODE              Offs=00051D  Size=000017  Align=00001  Fill=0000
    DATA              Offs=00003F  Size=000004  Align=00001  Fill=0000
/usr/local/share/cc65/lib/vic20.lib(condes.o):
    CODE              Offs=000534  Size=00000C  Align=00001  Fill=0000
    DATA              Offs=000043  Size=000025  Align=00001  Fill=0000
    ONCE              Offs=000000  Size=00000C  Align=00001  Fill=0000
/usr/local/share/cc65/lib/vic20.lib(crt0.o):
    BSS               Offs=00002C  Size=000001  Align=00001  Fill=0000
    STARTUP           Offs=000000  Size=00003A  Align=00001  Fill=0000
    INIT              Offs=000000  Size=00001A  Align=00001  Fill=0000
/usr/local/share/cc65/lib/vic20.lib(ctype.o):
    RODATA            Offs=00002D  Size=00008B  Align=00001  Fill=0000
/usr/local/share/cc65/lib/vic20.lib(ctypemask.o):
    CODE              Offs=000540  Size=00001E  Align=00001  Fill=0000
/usr/local/share/cc65/lib/vic20.lib(decsp4.o):
    CODE              Offs=00055E  Size=00000D  Align=00001  Fill=0000
/usr/local/share/cc65/lib/vic20.lib(decsp6.o):
    CODE              Offs=00056B  Size=00000D  Align=00001  Fill=0000
/usr/local/share/cc65/lib/vic20.lib(errno.o):
    BSS               Offs=00002D  Size=000002  Align=00001  Fill=0000
/usr/local/share/cc65/lib/vic20.lib(exehdr.o):
    EXEHDR            Offs=000000  Size=00000C  Align=00001  Fill=0000
/usr/local/share/cc65/lib/vic20.lib(filedes.o):
    CODE              Offs=000578  Size=00000E  Align=00001  Fill=0000
    DATA              Offs=000068  Size=000010  Align=00001  Fill=0000
/usr/local/share/cc65/lib/vic20.lib(fwrite.o):
    CODE              Offs=000586  Size=000079  Align=00001  Fill=0000
    BSS               Offs=00002F  Size=000002  Align=00001  Fill=0000
/usr/local/share/cc65/lib/vic20.lib(incsp2.o):
    CODE              Offs=0005FF  Size=000016  Align=00001  Fill=0000
/usr/local/share/cc65/lib/vic20.lib(incsp3.o):
    CODE              Offs=000615  Size=000005  Align=00001  Fill=0000
/usr/local/share/cc65/lib/vic20.lib(incsp6.o):
    CODE              Offs=00061A  Size=000005  Align=00001  Fill=0000
/usr/local/share/cc65/lib/vic20.lib(kernal.o):
/usr/local/share/cc65/lib/vic20.lib(ldaxsp.o):
    CODE              Offs=00061F  Size=000009  Align=00001  Fill=0000
/usr/local/share/cc65/lib/vic20.lib(lneg.o):
    CODE              Offs=000628  Size=00001E  Align=00001  Fill=0000
/usr/local/share/cc65/lib/vic20.lib(loadaddr.o):
    LOADADDR          Offs=000000  Size=000002  Align=00001  Fill=0000
/usr/local/share/cc65/lib/vic20.lib(lpush.o):
    CODE              Offs=000646  Size=000021  Align=00001  Fill=0000
/usr/local/share/cc65/lib/vic20.lib(ltoa.o):
    CODE              Offs=000667  Size=000095  Align=00001  Fill=0000
/usr/local/share/cc65/lib/vic20.lib(mainargs.o):
    DATA              Offs=000078  Size=000016  Align=00001  Fill=0000
    ONCE              Offs=00000C  Size=000069  Align=00001  Fill=0000
    INIT              Offs=00001A  Size=000012  Align=00001  Fill=0000
/usr/local/share/cc65/lib/vic20.lib(mul.o):
    CODE              Offs=0006FC  Size=000045  Align=00001  Fill=0000
/usr/local/share/cc65/lib/vic20.lib(mul8.o):
    CODE              Offs=000741  Size=00003A  Align=00001  Fill=0000
/usr/local/share/cc65/lib/vic20.lib(oserror.o):
    CODE              Offs=00077B  Size=000016  Align=00001  Fill=0000
    RODATA            Offs=0000B8  Size=00005A  Align=00001  Fill=0000
/usr/local/share/cc65/lib/vic20.lib(popptr1.o):
    CODE              Offs=000791  Size=00000E  Align=00001  Fill=0000
/usr/local/share/cc65/lib/vic20.lib(printf.o):
    CODE              Offs=00079F  Size=000033  Align=00001  Fill=0000
    BSS               Offs=000031  Size=000001  Align=00001  Fill=0000
/usr/local/share/cc65/lib/vic20.lib(push1.o):
    CODE              Offs=0007D2  Size=000005  Align=00001  Fill=0000
/usr/local/share/cc65/lib/vic20.lib(pushax.o):
    CODE              Offs=0007D7  Size=00001A  Align=00001  Fill=0000
/usr/local/share/cc65/lib/vic20.lib(pushwsp.o):
    CODE              Offs=0007F1  Size=00001C  Align=00001  Fill=0000
/usr/local/share/cc65/lib/vic20.lib(rwcommon.o):
    CODE              Offs=00080D  Size=00001A  Align=00001  Fill=0000
/usr/local/share/cc65/lib/vic20.lib(status.o):
/usr/local/share/cc65/lib/vic20.lib(strlen.o):
    CODE              Offs=000827  Size=000016  Align=00001  Fill=0000
/usr/local/share/cc65/lib/vic20.lib(strlower.o):
    CODE              Offs=00083D  Size=000027  Align=00001  Fill=0000
/usr/local/share/cc65/lib/vic20.lib(udiv.o):
    CODE              Offs=000864  Size=00004F  Align=00001  Fill=0000
/usr/local/share/cc65/lib/vic20.lib(vfprintf.o):
    CODE              Offs=0008B3  Size=000061  Align=00001  Fill=0000
    DATA              Offs=00008E  Size=000008  Align=00001  Fill=0000
/usr/local/share/cc65/lib/vic20.lib(write.o):
    CODE              Offs=000914  Size=000052  Align=00001  Fill=0000
    ONCE              Offs=000075  Size=000011  Align=00001  Fill=0000
/usr/local/share/cc65/lib/vic20.lib(zerobss.o):
    CODE              Offs=000966  Size=000023  Align=00001  Fill=0000
/usr/local/share/cc65/lib/vic20.lib(zeropage.o):
    ZEROPAGE          Offs=00000E  Size=00001A  Align=00001  Fill=0000


Segment list:
-------------
Name                   Start     End    Size  Align
----------------------------------------------------
ZEROPAGE              000000  000027  000028  00001
LOCALBSS2             000400  000B4F  000750  00001
LOADADDR              0011FF  001200  000002  00001
EXEHDR                001201  00120C  00000C  00001
STARTUP               002000  002039  00003A  00001
ONCE                  00203A  0020C3  00008A  00001
PRGSTART              0020C4  0020C7  000004  00001
LIB                   0020C8  00222A  000163  00001
KERNEL                00222B  002FB6  000D8C  00001
MACHDEP               002FB7  003146  000190  00001
KERNELDATA            003147  003555  00040F  00001
MACHDEPDATA           003556  00357F  00002A  00001
RODATA                003580  003691  000112  00001
DATA                  003692  003727  000096  00001
GLOBALBSS             003728  0040A2  00097B  00001
CODE                  004254  004BDC  000989  00001
TESTS                 004BDD  0054EE  000912  00001
INIT                  0054EF  00551A  00002C  00001
BSS                   00551B  00554C  000032  00001
LOCALCODE             009800  0099B0  0001B1  00001
LOCALBSS              0099B1  009ACD  00011D  00001
ULTIMEM               009FF0  009FFF  000010  00001


Exports list by name:
---------------------
BSOUT                     00FFD2 RLA    CKOUT                     00FFC9 RLA    
CLRCH                     00FFCC RLA    OPEN                      00FFC0 RLA    
READST                    00FFB7 RLA    SETLFS                    00FFBA RLA    
ST                        000090 RLZ    __BSS_RUN__               00551B RLA    
__BSS_SIZE__              000032 REA    __CONSTRUCTOR_COUNT__     000002 REA    
__CONSTRUCTOR_TABLE__     0020C0 RLA    __DESTRUCTOR_COUNT__      000000 REA    
__DESTRUCTOR_TABLE__      003692 RLA    __EXEHDR__                000001 REA    
__GLOBALBSS_RUN__         003728 RLA    __GLOBALBSS_SIZE__        00097B REA    
__LOADADDR__              000001 REA    __LOCALBSS2_RUN__         000400 RLA    
__LOCALBSS2_SIZE__        000750 REA    __LOCALBSS_RUN__          0099B1 RLA    
__LOCALBSS_SIZE__         00011D REA    __LOCALCODE_LOAD__        0040A3 RLA    
__LOCALCODE_RUN__         009800 RLA    __LOCALCODE_SIZE__        0001B1 REA    
__MAIN_SIZE__             003800 REA    __MAIN_START__            002000 RLA    
__STACKSIZE__             000800 REA    __STARTUP_RUN__           002000 RLA    
__STARTUP__               000001 REA    __ULTIMEM_SIZE__          000010 REA    
___directerrno            004391 RLA    ___errno                  005548 RLA    
___mappederrno            00439B RLA    ___oserror                00551B RLA    
___osmaperrno             0049CF RLA    ___seterrno               00474D RLA    
__argc                    0036D1 RLA    __argv                    0036D3 RLA    
__ctype                   0035AD RLA    __ctypeidx                0035B8 RLA    
__hextab                  003591 RLA    __longminstr              0035A1 RLA    
__printf                  00449C RLA    _fwrite                   0047DA RLA    
_ltoa                     0048D3 RLA    _main                     004255 RLA    
_printf                   0049F3 RLA    _stdout                   0036CA RLA    
_strlen                   004A7B RLA    _strlower                 004A91 RLA    
_tunix                    002F1E REA    _ultoa                    004914 RLA    
_vfprintf                 004B3F RLA    _write                    004B68 RLA    
addysp                    004757 RLA    axlong                    004764 RLA    
axulong                   00476A RLA    callmain                  004771 RLA    
ctypemaskdirect           004798 RLA    decsp4                    0047B2 RLA    
decsp6                    0047BF RLA    donelib                   004788 RLA    
fdtab                     0036FA RLA    incsp2                    00485B RLA    
incsp3                    004869 RLA    incsp6                    00486E RLA    
initlib                   00203A RLA    initmainargs              002046 RLAI   
initstdout                0020AF  LAI   ldaxysp                   004875 RLA    
lib_exit                  0042D2 RLA    lib_fork                  0042C0 RLA    
lib_getpid                0042AE RLA    lib_iopage_alloc          004359 RLA    
lib_iopage_commit         00436B RLA    lib_iopage_free           00437E RLA    
lib_kill                  0042E5 RLA    lib_proc_info             004346 RLA    
lib_schedule              0042A0 RLA    lib_wait                  004321 RLA    
mul8x16                   004997 RLA    mul8x16a                  0049A1 RLA    
negeax                    00487C RLA    popax                     004853 RLA    
popptr1                   0049E5 RLA    ptr1                      000016 RLZ    
ptr2                      000018 RLZ    ptr3                      00001A RLZ    
ptr4                      00001C RLZ    push1                     004A26 RLA    
pusha0                    004A2D RLA    pushax                    004A2F RLA    
pusheax                   0048A3 RLA    pushwysp                  004A47 RLA    
regbank                   000022 RLZ    rwcommon                  004A61 RLA    
sp                        00000E RLZ    sreg                      000010 RLZ    
tmp1                      00001E RLZ    tmp2                      00001F RLZ    
tosudivax                 004ABA RLA    tosumulax                 004950 RLA    
zerobss                   004BBA RLA    


Exports list by value:
----------------------
__DESTRUCTOR_COUNT__      000000 REA    __EXEHDR__                000001 REA    
__LOADADDR__              000001 REA    __STARTUP__               000001 REA    
__CONSTRUCTOR_COUNT__     000002 REA    sp                        00000E RLZ    
__ULTIMEM_SIZE__          000010 REA    sreg                      000010 RLZ    
ptr1                      000016 RLZ    ptr2                      000018 RLZ    
ptr3                      00001A RLZ    ptr4                      00001C RLZ    
tmp1                      00001E RLZ    tmp2                      00001F RLZ    
regbank                   000022 RLZ    __BSS_SIZE__              000032 REA    
ST                        000090 RLZ    __LOCALBSS_SIZE__         00011D REA    
__LOCALCODE_SIZE__        0001B1 REA    __LOCALBSS2_RUN__         000400 RLA    
__LOCALBSS2_SIZE__        000750 REA    __STACKSIZE__             000800 REA    
__GLOBALBSS_SIZE__        00097B REA    __MAIN_START__            002000 RLA    
__STARTUP_RUN__           002000 RLA    initlib                   00203A RLA    
initmainargs              002046 RLAI   initstdout                0020AF  LAI   
__CONSTRUCTOR_TABLE__     0020C0 RLA    _tunix                    002F1E REA    
__hextab                  003591 RLA    __longminstr              0035A1 RLA    
__ctype                   0035AD RLA    __ctypeidx                0035B8 RLA    
__DESTRUCTOR_TABLE__      003692 RLA    _stdout                   0036CA RLA    
__argc                    0036D1 RLA    __argv                    0036D3 RLA    
fdtab                     0036FA RLA    __GLOBALBSS_RUN__         003728 RLA    
__MAIN_SIZE__             003800 REA    __LOCALCODE_LOAD__        0040A3 RLA    
_main                     004255 RLA    lib_schedule              0042A0 RLA    
lib_getpid                0042AE RLA    lib_fork                  0042C0 RLA    
lib_exit                  0042D2 RLA    lib_kill                  0042E5 RLA    
lib_wait                  004321 RLA    lib_proc_info             004346 RLA    
lib_iopage_alloc          004359 RLA    lib_iopage_commit         00436B RLA    
lib_iopage_free           00437E RLA    ___directerrno            004391 RLA    
___mappederrno            00439B RLA    __printf                  00449C RLA    
___seterrno               00474D RLA    addysp                    004757 RLA    
axlong                    004764 RLA    axulong                   00476A RLA    
callmain                  004771 RLA    donelib                   004788 RLA    
ctypemaskdirect           004798 RLA    decsp4                    0047B2 RLA    
decsp6                    0047BF RLA    _fwrite                   0047DA RLA    
popax                     004853 RLA    incsp2                    00485B RLA    
incsp3                    004869 RLA    incsp6                    00486E RLA    
ldaxysp                   004875 RLA    negeax                    00487C RLA    
pusheax                   0048A3 RLA    _ltoa                     0048D3 RLA    
_ultoa                    004914 RLA    tosumulax                 004950 RLA    
mul8x16                   004997 RLA    mul8x16a                  0049A1 RLA    
___osmaperrno             0049CF RLA    popptr1                   0049E5 RLA    
_printf                   0049F3 RLA    push1                     004A26 RLA    
pusha0                    004A2D RLA    pushax                    004A2F RLA    
pushwysp                  004A47 RLA    rwcommon                  004A61 RLA    
_strlen                   004A7B RLA    _strlower                 004A91 RLA    
tosudivax                 004ABA RLA    _vfprintf                 004B3F RLA    
_write                    004B68 RLA    zerobss                   004BBA RLA    
__BSS_RUN__               00551B RLA    ___oserror                00551B RLA    
___errno                  005548 RLA    __LOCALCODE_RUN__         009800 RLA    
__LOCALBSS_RUN__          0099B1 RLA    READST                    00FFB7 RLA    
SETLFS                    00FFBA RLA    OPEN                      00FFC0 RLA    
CKOUT                     00FFC9 RLA    CLRCH                     00FFCC RLA    
BSOUT                     00FFD2 RLA    


Imports list:
-------------
BSOUT (kernal.o):
    write.o                   cbm/cbm.inc:49
    crt0.o                    vic20/crt0.s:10
CKOUT (kernal.o):
    write.o                   cbm/cbm.inc:45
CLRCH (kernal.o):
    write.o                   cbm/cbm.inc:46
OPEN (kernal.o):
    write.o                   cbm/cbm.inc:35
READST (kernal.o):
    write.o                   cbm/cbm.inc:32
SETLFS (kernal.o):
    write.o                   cbm/cbm.inc:33
ST (status.o):
    crt0.o                    vic20/crt0.s:13
__BSS_RUN__ ([linker generated]):
    zerobss.o                 common/zerobss.s:8
__BSS_SIZE__ ([linker generated]):
    zerobss.o                 common/zerobss.s:8
__CONSTRUCTOR_COUNT__ ([linker generated]):
    condes.o                  runtime/condes.s:18
__CONSTRUCTOR_TABLE__ ([linker generated]):
    condes.o                  runtime/condes.s:18
__DESTRUCTOR_COUNT__ ([linker generated]):
    condes.o                  runtime/condes.s:19
__DESTRUCTOR_TABLE__ ([linker generated]):
    condes.o                  runtime/condes.s:19
__EXEHDR__ (exehdr.o):
    [linker generated]        vic.cfg:3
__GLOBALBSS_RUN__ ([linker generated]):
    main.o                    main.asm:40
__GLOBALBSS_SIZE__ ([linker generated]):
    main.o                    main.asm:41
__LOADADDR__ (loadaddr.o):
    [linker generated]        vic.cfg:2
__LOCALBSS2_RUN__ ([linker generated]):
    main.o                    main.asm:47
__LOCALBSS2_SIZE__ ([linker generated]):
    main.o                    main.asm:48
__LOCALBSS_RUN__ ([linker generated]):
    main.o                    main.asm:45
__LOCALBSS_SIZE__ ([linker generated]):
    main.o                    main.asm:46
__LOCALCODE_LOAD__ ([linker generated]):
    main.o                    main.asm:42
__LOCALCODE_RUN__ ([linker generated]):
    main.o                    main.asm:43
__LOCALCODE_SIZE__ ([linker generated]):
    main.o                    main.asm:44
__MAIN_SIZE__ ([linker generated]):
    crt0.o                    vic20/crt0.s:11
__MAIN_START__ ([linker generated]):
    crt0.o                    vic20/crt0.s:11
__STACKSIZE__ ([linker generated]):
    crt0.o                    vic20/crt0.s:12
    [linker generated]        vic.cfg:12
__STARTUP_RUN__ ([linker generated]):
    main.o                    main.asm:12
__STARTUP__ (crt0.o):
    start.o                   start.s:13
__ULTIMEM_SIZE__ ([linker generated]):
    main.o                    main.asm:49
___directerrno (_directerrno.o):
    write.o                   /home/pixel/Desktop/3rd-party/lang/cc65/asminc/errno.inc:10
___errno (errno.o):
    _seterrno.o               /home/pixel/Desktop/3rd-party/lang/cc65/asminc/errno.inc:7
___mappederrno (_mappederrno.o):
    write.o                   /home/pixel/Desktop/3rd-party/lang/cc65/asminc/errno.inc:10
___oserror (_oserror.o):
    _mappederrno.o            /home/pixel/Desktop/3rd-party/lang/cc65/asminc/errno.inc:7
    _directerrno.o            /home/pixel/Desktop/3rd-party/lang/cc65/asminc/errno.inc:7
    write.o                   /home/pixel/Desktop/3rd-party/lang/cc65/asminc/errno.inc:7
___osmaperrno (oserror.o):
    _mappederrno.o            /home/pixel/Desktop/3rd-party/lang/cc65/asminc/errno.inc:8
___seterrno (_seterrno.o):
    _mappederrno.o            /home/pixel/Desktop/3rd-party/lang/cc65/asminc/errno.inc:9
    _directerrno.o            /home/pixel/Desktop/3rd-party/lang/cc65/asminc/errno.inc:9
    fwrite.o                  /home/pixel/Desktop/3rd-party/lang/cc65/asminc/errno.inc:9
__argc (callmain.o):
    mainargs.o                vic20/mainargs.s:26
__argv (callmain.o):
    mainargs.o                vic20/mainargs.s:26
__ctype (ctype.o):
    ctypemask.o               common/ctypemask.s:23
__ctypeidx (ctype.o):
    ctypemask.o               common/ctypemask.s:24
__hextab (_hextab.o):
    ltoa.o                    common/ltoa.s:10
__longminstr (_longminstr.o):
    ltoa.o                    common/ltoa.s:10
__printf (_printf.o):
    vfprintf.o                common/vfprintf.s:10
_fwrite (fwrite.o):
    vfprintf.o                common/vfprintf.s:10
_ltoa (ltoa.o):
    _printf.o                 common/_printf.s:12
_main (start.o):
    callmain.o                runtime/callmain.s:11
_printf (printf.o):
    start.o                   start.s:15
_stdout (_file.o):
    printf.o                  common/printf.s:8
_strlen (strlen.o):
    _printf.o                 common/_printf.s:13
_strlower (strlower.o):
    _printf.o                 common/_printf.s:13
_tunix (main.o):
    start.o                   start.s:16
_ultoa (ltoa.o):
    _printf.o                 common/_printf.s:12
_vfprintf (vfprintf.o):
    printf.o                  common/printf.s:8
_write (write.o):
    fwrite.o                  common/fwrite.s:10
addysp (addysp.o):
    incsp6.o                  runtime/incsp6.s:8
    fwrite.o                  common/fwrite.s:11
    printf.o                  common/printf.s:8
    incsp3.o                  runtime/incsp3.s:8
axlong (axlong.o):
    _printf.o                 common/_printf.s:11
axulong (axlong.o):
    _printf.o                 common/_printf.s:11
callmain (callmain.o):
    crt0.o                    vic20/crt0.s:9
ctypemaskdirect (ctypemask.o):
    strlower.o                common/strlower.s:14
decsp4 (decsp4.o):
    lpush.o                   runtime/lpush.s:12
decsp6 (decsp6.o):
    _printf.o                 common/_printf.s:11
donelib (condes.o):
    crt0.o                    vic20/crt0.s:7
fdtab (filedes.o):
    write.o                   cbm/filedes.inc:7
incsp2 (incsp2.o):
    popptr1.o                 runtime/popptr1.s:8
incsp3 (incsp3.o):
    start.o                   start.s:62
incsp6 (incsp6.o):
    fwrite.o                  common/fwrite.s:11
    vfprintf.o                common/vfprintf.s:9
initlib (condes.o):
    crt0.o                    vic20/crt0.s:7
initmainargs (mainargs.o):
    start.o                   start.s:14
ldaxysp (ldaxsp.o):
    fwrite.o                  common/fwrite.s:11
lib_exit (main.o):
    main.o                    main.asm:62
lib_fork (main.o):
    main.o                    main.asm:61
lib_getpid (main.o):
    main.o                    main.asm:60
lib_iopage_alloc (main.o):
    main.o                    main.asm:65
lib_iopage_commit (main.o):
    main.o                    main.asm:66
lib_iopage_free (main.o):
    main.o                    main.asm:67
lib_kill (main.o):
    main.o                    main.asm:63
lib_proc_info (main.o):
    main.o                    main.asm:69
lib_schedule (main.o):
    main.o                    main.asm:59
lib_wait (main.o):
    main.o                    main.asm:64
mul8x16 (mul8.o):
    mul.o                     runtime/mul.s:8
mul8x16a (mul8.o):
    mul.o                     runtime/mul.s:8
negeax (lneg.o):
    ltoa.o                    common/ltoa.s:9
popax (incsp2.o):
    rwcommon.o                cbm/rwcommon.s:9
    ltoa.o                    common/ltoa.s:9
    _printf.o                 common/_printf.s:11
popptr1 (popptr1.o):
    rwcommon.o                cbm/rwcommon.s:9
    udiv.o                    runtime/udiv.s:9
    mul8.o                    runtime/mul8.s:9
    mul.o                     runtime/mul.s:9
    ltoa.o                    common/ltoa.s:9
ptr1 (zeropage.o):
    write.o                   cbm/write.s:11
    udiv.o                    runtime/udiv.s:10
    strlower.o                common/strlower.s:13
    popptr1.o                 runtime/popptr1.s:9
    mul8.o                    runtime/mul8.s:10
    mul.o                     runtime/mul.s:10
    ltoa.o                    common/ltoa.s:11
    fwrite.o                  common/fwrite.s:14
    _printf.o                 /home/pixel/Desktop/3rd-party/lang/cc65/asminc/zeropage.inc:12
    zerobss.o                 common/zerobss.s:9
    vfprintf.o                common/vfprintf.s:11
    printf.o                  common/printf.s:9
ptr2 (zeropage.o):
    rwcommon.o                cbm/rwcommon.s:10
    write.o                   cbm/write.s:11
    strlower.o                common/strlower.s:13
    ltoa.o                    common/ltoa.s:11
    _printf.o                 /home/pixel/Desktop/3rd-party/lang/cc65/asminc/zeropage.inc:12
ptr3 (zeropage.o):
    rwcommon.o                cbm/rwcommon.s:10
    write.o                   cbm/write.s:11
    ltoa.o                    common/ltoa.s:11
ptr4 (zeropage.o):
    udiv.o                    runtime/udiv.s:10
    strlen.o                  common/strlen.s:12
    mul8.o                    runtime/mul8.s:10
    mul.o                     runtime/mul.s:10
push1 (push1.o):
    _printf.o                 common/_printf.s:11
    vfprintf.o                common/vfprintf.s:9
pusha0 (pushax.o):
    push1.o                   runtime/push1.s:8
    fwrite.o                  common/fwrite.s:11
pushax (pushax.o):
    fwrite.o                  common/fwrite.s:11
    callmain.o                runtime/callmain.s:11
    _printf.o                 common/_printf.s:11
    printf.o                  common/printf.s:8
    start.o                   start.s:62
pusheax (lpush.o):
    _printf.o                 common/_printf.s:11
pushwysp (pushwsp.o):
    fwrite.o                  common/fwrite.s:11
    vfprintf.o                common/vfprintf.s:9
regbank (zeropage.o):
    _printf.o                 /home/pixel/Desktop/3rd-party/lang/cc65/asminc/zeropage.inc:14
rwcommon (rwcommon.o):
    write.o                   cbm/write.s:10
sp (zeropage.o):
    decsp4.o                  runtime/decsp4.s:8
    pushwsp.o                 runtime/pushwsp.s:8
    popptr1.o                 runtime/popptr1.s:9
    lpush.o                   runtime/lpush.s:13
    ldaxsp.o                  runtime/ldaxsp.s:8
    incsp2.o                  runtime/incsp2.s:8
    decsp6.o                  runtime/decsp6.s:8
    addysp.o                  runtime/addysp.s:8
    _printf.o                 /home/pixel/Desktop/3rd-party/lang/cc65/asminc/zeropage.inc:11
    vfprintf.o                common/vfprintf.s:11
    pushax.o                  runtime/pushax.s:8
    printf.o                  common/printf.s:9
    crt0.o                    /home/pixel/Desktop/3rd-party/lang/cc65/asminc/zeropage.inc:11
sreg (zeropage.o):
    lneg.o                    runtime/lneg.s:11
    udiv.o                    runtime/udiv.s:10
    ltoa.o                    common/ltoa.s:11
    lpush.o                   runtime/lpush.s:13
    axlong.o                  runtime/axlong.s:9
    _printf.o                 /home/pixel/Desktop/3rd-party/lang/cc65/asminc/zeropage.inc:11
tmp1 (zeropage.o):
    mul.o                     runtime/mul.s:10
    ltoa.o                    common/ltoa.s:11
    _printf.o                 /home/pixel/Desktop/3rd-party/lang/cc65/asminc/zeropage.inc:13
tmp2 (zeropage.o):
    rwcommon.o                cbm/rwcommon.s:10
tosudivax (udiv.o):
    fwrite.o                  common/fwrite.s:12
tosumulax (mul.o):
    fwrite.o                  common/fwrite.s:12
zerobss (zerobss.o):
    crt0.o                    vic20/crt0.s:8

